Component: ARM Compiler 5.06 update 5 (build 528) Tool: armlink [4d35e2]

==============================================================================

Section Cross References

    startup_stm32f103xb.o(STACK) refers (Special) to heapauxi.o(.text) for __use_two_region_memory
    startup_stm32f103xb.o(HEAP) refers (Special) to heapauxi.o(.text) for __use_two_region_memory
    startup_stm32f103xb.o(RESET) refers (Special) to heapauxi.o(.text) for __use_two_region_memory
    startup_stm32f103xb.o(RESET) refers to startup_stm32f103xb.o(STACK) for __initial_sp
    startup_stm32f103xb.o(RESET) refers to startup_stm32f103xb.o(.text) for Reset_Handler
    startup_stm32f103xb.o(RESET) refers to stm32f1xx_it.o(i.NMI_Handler) for NMI_Handler
    startup_stm32f103xb.o(RESET) refers to stm32f1xx_it.o(i.HardFault_Handler) for HardFault_Handler
    startup_stm32f103xb.o(RESET) refers to stm32f1xx_it.o(i.MemManage_Handler) for MemManage_Handler
    startup_stm32f103xb.o(RESET) refers to stm32f1xx_it.o(i.BusFault_Handler) for BusFault_Handler
    startup_stm32f103xb.o(RESET) refers to stm32f1xx_it.o(i.UsageFault_Handler) for UsageFault_Handler
    startup_stm32f103xb.o(RESET) refers to stm32f1xx_it.o(i.SVC_Handler) for SVC_Handler
    startup_stm32f103xb.o(RESET) refers to stm32f1xx_it.o(i.DebugMon_Handler) for DebugMon_Handler
    startup_stm32f103xb.o(RESET) refers to stm32f1xx_it.o(i.PendSV_Handler) for PendSV_Handler
    startup_stm32f103xb.o(RESET) refers to stm32f1xx_it.o(i.SysTick_Handler) for SysTick_Handler
    startup_stm32f103xb.o(RESET) refers to stm32f1xx_it.o(i.RTC_IRQHandler) for RTC_IRQHandler
    startup_stm32f103xb.o(RESET) refers to stm32f1xx_it.o(i.TIM1_UP_IRQHandler) for TIM1_UP_IRQHandler
    startup_stm32f103xb.o(.text) refers (Special) to heapauxi.o(.text) for __use_two_region_memory
    startup_stm32f103xb.o(.text) refers to system_stm32f1xx.o(i.SystemInit) for SystemInit
    startup_stm32f103xb.o(.text) refers to __main.o(!!!main) for __main
    startup_stm32f103xb.o(.text) refers to startup_stm32f103xb.o(HEAP) for Heap_Mem
    startup_stm32f103xb.o(.text) refers to startup_stm32f103xb.o(STACK) for Stack_Mem
    ds18b20.o(i.DelayMicro) refers to system_stm32f1xx.o(.data) for SystemCoreClock
    ds18b20.o(i.ds18b20_Convert_T) refers to ds18b20.o(i.ds18b20_Reset) for ds18b20_Reset
    ds18b20.o(i.ds18b20_Convert_T) refers to ds18b20.o(i.ds18b20_WriteByte) for ds18b20_WriteByte
    ds18b20.o(i.ds18b20_ReadBit) refers to ds18b20.o(i.DelayMicro) for DelayMicro
    ds18b20.o(i.ds18b20_ReadByte) refers to ds18b20.o(i.ds18b20_ReadBit) for ds18b20_ReadBit
    ds18b20.o(i.ds18b20_ReadStratcpad) refers to ds18b20.o(i.ds18b20_Reset) for ds18b20_Reset
    ds18b20.o(i.ds18b20_ReadStratcpad) refers to ds18b20.o(i.ds18b20_WriteByte) for ds18b20_WriteByte
    ds18b20.o(i.ds18b20_ReadStratcpad) refers to ds18b20.o(i.ds18b20_ReadByte) for ds18b20_ReadByte
    ds18b20.o(i.ds18b20_ReadStratcpad) refers to ds18b20.o(i.dallas_crc8) for dallas_crc8
    ds18b20.o(i.ds18b20_ReadStratcpad) refers to main.o(.bss) for familycode
    ds18b20.o(i.ds18b20_Reset) refers to ds18b20.o(i.DelayMicro) for DelayMicro
    ds18b20.o(i.ds18b20_SearhRom) refers to ds18b20.o(i.ds18b20_Reset) for ds18b20_Reset
    ds18b20.o(i.ds18b20_SearhRom) refers to ds18b20.o(i.ds18b20_WriteByte) for ds18b20_WriteByte
    ds18b20.o(i.ds18b20_SearhRom) refers to ds18b20.o(i.ds18b20_ReadBit) for ds18b20_ReadBit
    ds18b20.o(i.ds18b20_SearhRom) refers to ds18b20.o(i.ds18b20_WriteBit) for ds18b20_WriteBit
    ds18b20.o(i.ds18b20_SearhRom) refers to ds18b20.o(.data) for .data
    ds18b20.o(i.ds18b20_WriteBit) refers to ds18b20.o(i.DelayMicro) for DelayMicro
    ds18b20.o(i.ds18b20_WriteByte) refers to ds18b20.o(i.ds18b20_WriteBit) for ds18b20_WriteBit
    ds18b20.o(i.ds18b20_WriteByte) refers to ds18b20.o(i.DelayMicro) for DelayMicro
    ds18b20.o(i.ds18b20_WriteScratchpad) refers to ds18b20.o(i.ds18b20_Reset) for ds18b20_Reset
    ds18b20.o(i.ds18b20_WriteScratchpad) refers to ds18b20.o(i.ds18b20_WriteByte) for ds18b20_WriteByte
    ds18b20.o(i.ds18b20_WriteScratchpad) refers to main.o(.bss) for familycode
    ds18b20.o(i.ds18b20_addCode) refers to ds18b20.o(i.ds18b20_SearhRom) for ds18b20_SearhRom
    ds18b20.o(i.ds18b20_addCode) refers to ds18b20.o(i.dallas_crc8) for dallas_crc8
    ds18b20.o(i.ds18b20_addCode) refers to main.o(.bss) for familycode
    ds18b20.o(i.ds18b20_checkSensor) refers to _printf_percent.o(.ARM.Collect$$_printf_percent$$00000000) for _printf_percent
    ds18b20.o(i.ds18b20_checkSensor) refers to _printf_u.o(.ARM.Collect$$_printf_percent$$0000000A) for _printf_u
    ds18b20.o(i.ds18b20_checkSensor) refers to _printf_dec.o(.text) for _printf_int_dec
    ds18b20.o(i.ds18b20_checkSensor) refers to _printf_pad.o(.text) for _printf_pre_padding
    ds18b20.o(i.ds18b20_checkSensor) refers to _printf_x.o(.ARM.Collect$$_printf_percent$$0000000C) for _printf_x
[...]
    .conststring                             0x0800b00c   Section       83  main.o(.conststring)
    .conststring                             0x0800b060   Section       67  main.o(.conststring)
    .conststring                             0x0800b0a4   Section       51  main.o(.conststring)
    locale$$data                             0x0800b0f8   Section       28  lc_numeric_c.o(locale$$data)
    __lcnum_c_name                           0x0800b0fc   Data           2  lc_numeric_c.o(locale$$data)
    __lcnum_c_start                          0x0800b104   Data           0  lc_numeric_c.o(locale$$data)
    __lcnum_c_point                          0x0800b110   Data           0  lc_numeric_c.o(locale$$data)
    __lcnum_c_thousands                      0x0800b112   Data           0  lc_numeric_c.o(locale$$data)
    __lcnum_c_grouping                       0x0800b113   Data           0  lc_numeric_c.o(locale$$data)
    __lcnum_c_end                            0x0800b114   Data           0  lc_numeric_c.o(locale$$data)
    .data                                    0x20000000   Section       11  ds18b20.o(.data)
    .data                                    0x2000000c   Section        8  fonts.o(.data)
    .data                                    0x20000014   Section        8  fonts.o(.data)
    .data                                    0x2000001c   Section        4  tft_proc.o(.data)
    .data                                    0x20000020   Section        2  procedure.o(.data)
    .data                                    0x20000024   Section       16  main.o(.data)
    .data                                    0x20000034   Section       32  main.o(.data)
    .data                                    0x20000054   Section       28  main.o(.data)
    .data                                    0x20000070   Section       28  main.o(.data)
    .data                                    0x2000008c   Section       68  main.o(.data)
    .data                                    0x200000d0   Section        1  main.o(.data)
    .data                                    0x200000d1   Section        4  main.o(.data)
    .data                                    0x200000d6   Section        2  main.o(.data)
    .data                                    0x200000d8   Section        2  main.o(.data)
    .data                                    0x200000da   Section        1  main.o(.data)
    .data                                    0x200000dc   Section       12  stm32f1xx_hal.o(.data)
    .data                                    0x200000e8   Section        4  system_stm32f1xx.o(.data)
    .bss                                     0x200000ec   Section       14  mylcd.o(.bss)
    .bss                                     0x200000fc   Section       64  tft_proc.o(.bss)
    .bss                                     0x2000013c   Section     1040  nvram.o(.bss)
    EraseInitStruct                          0x2000013c   Data          16  nvram.o(.bss)
    .bss                                     0x2000054c   Section      400  main.o(.bss)
    .bss                                     0x200006dc   Section       32  main.o(.bss)
    .bss                                     0x200006fc   Section       32  main.o(.bss)
    .bss                                     0x20000720   Section       32  stm32f1xx_hal_flash.o(.bss)
    .bss                                     0x20000740   Section       96  libspace.o(.bss)
    HEAP                                     0x200007a0   Section      512  startup_stm32f103xb.o(HEAP)
    Heap_Mem                                 0x200007a0   Data         512  startup_stm32f103xb.o(HEAP)
    STACK                                    0x200009a0   Section     1024  startup_stm32f103xb.o(STACK)
    Stack_Mem                                0x200009a0   Data        1024  startup_stm32f103xb.o(STACK)
    __initial_sp                             0x20000da0   Data           0  startup_stm32f103xb.o(STACK)

    Global Symbols

    Symbol Name                              Value     Ov Type        Size  Object(Section)

    BuildAttributes$$THM_ISAv4$P$D$K$B$S$PE$A:L22UL41UL21$X:L11$S22US41US21$IEEE1$IW$USESV6$~STKCKD$USESV7$~SHL$OTIME$ROPI$IEEEJ$EBA8$UX$STANDARDLIB$REQ8$PRES8$EABIv2 0x00000000   Number         0  anon$$obj.o ABSOLUTE
    __ARM_use_no_argv                        0x00000000   Number         0  main.o ABSOLUTE
    _printf_flags                            0x00000000   Number         0  printf_stubs.o ABSOLUTE
    _printf_return_value                     0x00000000   Number         0  printf_stubs.o ABSOLUTE
    _printf_sizespec                         0x00000000   Number         0  printf_stubs.o ABSOLUTE
    _printf_widthprec                        0x00000000   Number         0  printf_stubs.o ABSOLUTE
    __ARM_exceptions_init                     - Undefined Weak Reference
    __alloca_initialize                       - Undefined Weak Reference
    __arm_preinit_                            - Undefined Weak Reference
    __cpp_initialize__aeabi_                  - Undefined Weak Reference
    __cxa_finalize                            - Undefined Weak Reference
    __sigvec_lookup                           - Undefined Weak Reference
    _atexit_init                              - Undefined Weak Reference
    _call_atexit_fns                          - Undefined Weak Reference
    _clock_init                               - Undefined Weak Reference
    _fp_trap_init                             - Undefined Weak Reference
    _fp_trap_shutdown                         - Undefined Weak Reference
    _get_lc_collate                           - Undefined Weak Reference
    _get_lc_ctype                             - Undefined Weak Reference
    _get_lc_monetary                          - Undefined Weak Reference
    _get_lc_time                              - Undefined Weak Reference
    _getenv_init                              - Undefined Weak Reference
    _handle_redirection                       - Undefined Weak Reference
    _init_alloc                               - Undefined Weak Reference
    _init_user_alloc                          - Undefined Weak Reference
    _initio                                   - Undefined Weak Reference
    _printf_mbtowc                            - Undefined Weak Reference
    _printf_truncate_signed                   - Undefined Weak Reference
    _printf_truncate_unsigned                 - Undefined Weak Reference
    _rand_init                                - Undefined Weak Reference
    _signal_finish                            - Undefined Weak Reference
    _signal_init                              - Undefined Weak Reference
    _terminate_alloc                          - Undefined Weak Reference
    _terminate_user_alloc                     - Undefined Weak Reference
    _terminateio                              - Undefined Weak Reference
    __Vectors_Size                           0x000000ec   Number         0  startup_stm32f103xb.o ABSOLUTE
    __Vectors                                0x08000000   Data           4  startup_stm32f103xb.o(RESET)
    __Vectors_End                            0x080000ec   Data           0  startup_stm32f103xb.o(RESET)
    __main                                   0x080000ed   Thumb Code     8  __main.o(!!!main)
    __scatterload                            0x080000f5   Thumb Code     0  __scatter.o(!!!scatter)
    __scatterload_rt2                        0x080000f5   Thumb Code    44  __scatter.o(!!!scatter)
    __scatterload_rt2_thumb_only             0x080000f5   Thumb Code     0  __scatter.o(!!!scatter)
    __scatterload_null                       0x08000103   Thumb Code     0  __scatter.o(!!!scatter)
    __scatterload_copy                       0x08000129   Thumb Code    26  __scatter_copy.o(!!handler_copy)
    __scatterload_zeroinit                   0x08000145   Thumb Code    28  __scatter_zi.o(!!handler_zi)
    _printf_f                                0x08000161   Thumb Code     0  _printf_f.o(.ARM.Collect$$_printf_percent$$00000003)
    _printf_percent                          0x08000161   Thumb Code     0  _printf_percent.o(.ARM.Collect$$_printf_percent$$00000000)
    _printf_i                                0x08000167   Thumb Code     0  _printf_i.o(.ARM.Collect$$_printf_percent$$00000008)
    _printf_d                                0x0800016d   Thumb Code     0  _printf_d.o(.ARM.Collect$$_printf_percent$$00000009)
    _printf_u                                0x08000173   Thumb Code     0  _printf_u.o(.ARM.Collect$$_printf_percent$$0000000A)
    _printf_x                                0x08000179   Thumb Code     0  _printf_x.o(.ARM.Collect$$_printf_percent$$0000000C)
    _printf_s                                0x0800017f   Thumb Code     0  _printf_s.o(.ARM.Collect$$_printf_percent$$00000014)
    _printf_percent_end                      0x08000185   Thumb Code     0  _printf_percent_end.o(.ARM.Collect$$_printf_percent$$00000017)
    __rt_lib_init                            0x08000189   Thumb Code     0  libinit.o(.ARM.Collect$$libinit$$00000000)
    __rt_lib_init_fp_1                       0x0800018b   Thumb Code     0  libinit2.o(.ARM.Collect$$libinit$$00000002)
    __rt_lib_init_heap_1                     0x0800018b   Thumb Code     0  libinit2.o(.ARM.Collect$$libinit$$0000000A)
    __rt_lib_init_lc_common                  0x0800018b   Thumb Code     0  libinit2.o(.ARM.Collect$$libinit$$0000000F)
    __rt_lib_init_preinit_1                  0x0800018b   Thumb Code     0  libinit2.o(.ARM.Collect$$libinit$$00000004)
    __rt_lib_init_rand_1                     0x0800018b   Thumb Code     0  libinit2.o(.ARM.Collect$$libinit$$0000000E)
    __rt_lib_init_user_alloc_1               0x0800018b   Thumb Code     0  libinit2.o(.ARM.Collect$$libinit$$0000000C)
    __rt_lib_init_lc_collate_1               0x08000191   Thumb Code     0  libinit2.o(.ARM.Collect$$libinit$$00000011)
    __rt_lib_init_lc_ctype_1                 0x08000191   Thumb Code     0  libinit2.o(.ARM.Collect$$libinit$$00000013)
    __rt_lib_init_lc_monetary_1              0x08000191   Thumb Code     0  libinit2.o(.ARM.Collect$$libinit$$00000015)
    __rt_lib_init_lc_numeric_2               0x08000191   Thumb Code     0  libinit2.o(.ARM.Collect$$libinit$$00000016)
    __rt_lib_init_alloca_1                   0x0800019b   Thumb Code     0  libinit2.o(.ARM.Collect$$libinit$$0000002E)
    __rt_lib_init_argv_1                     0x0800019b   Thumb Code     0  libinit2.o(.ARM.Collect$$libinit$$0000002C)
    __rt_lib_init_atexit_1                   0x0800019b   Thumb Code     0  libinit2.o(.ARM.Collect$$libinit$$0000001B)
    __rt_lib_init_clock_1                    0x0800019b   Thumb Code     0  libinit2.o(.ARM.Collect$$libinit$$00000021)
    __rt_lib_init_cpp_1                      0x0800019b   Thumb Code     0  libinit2.o(.ARM.Collect$$libinit$$00000032)
    __rt_lib_init_exceptions_1               0x0800019b   Thumb Code     0  libinit2.o(.ARM.Collect$$libinit$$00000030)
    __rt_lib_init_fp_trap_1                  0x0800019b   Thumb Code     0  libinit2.o(.ARM.Collect$$libinit$$0000001F)
    __rt_lib_init_getenv_1                   0x0800019b   Thumb Code     0  libinit2.o(.ARM.Collect$$libinit$$00000023)
    __rt_lib_init_lc_numeric_1               0x0800019b   Thumb Code     0  libinit2.o(.ARM.Collect$$libinit$$00000017)
    __rt_lib_init_lc_time_1                  0x0800019b   Thumb Code     0  libinit2.o(.ARM.Collect$$libinit$$00000019)
    __rt_lib_init_return                     0x0800019b   Thumb Code     0  libinit2.o(.ARM.Collect$$libinit$$00000033)
    __rt_lib_init_signal_1                   0x0800019b   Thumb Code     0  libinit2.o(.ARM.Collect$$libinit$$0000001D)
    __rt_lib_init_stdio_1                    0x0800019b   Thumb Code     0  libinit2.o(.ARM.Collect$$libinit$$00000025)
    __rt_lib_shutdown                        0x0800019d   Thumb Code     0  libshutdown.o(.ARM.Collect$$libshutdown$$00000000)
    __rt_lib_shutdown_cpp_1                  0x0800019f   Thumb Code     0  libshutdown2.o(.ARM.Collect$$libshutdown$$00000002)
    __rt_lib_shutdown_fp_trap_1              0x0800019f   Thumb Code     0  libshutdown2.o(.ARM.Collect$$libshutdown$$00000007)
    __rt_lib_shutdown_heap_1                 0x0800019f   Thumb Code     0  libshutdown2.o(.ARM.Collect$$libshutdown$$0000000F)
    __rt_lib_shutdown_return                 0x0800019f   Thumb Code     0  libshutdown2.o(.ARM.Collect$$libshutdown$$00000010)
    __rt_lib_shutdown_signal_1               0x0800019f   Thumb Code     0  libshutdown2.o(.ARM.Collect$$libshutdown$$0000000A)
    __rt_lib_shutdown_stdio_1                0x0800019f   Thumb Code     0  libshutdown2.o(.ARM.Collect$$libshutdown$$00000004)
    __rt_lib_shutdown_user_alloc_1           0x0800019f   Thumb Code     0  libshutdown2.o(.ARM.Collect$$libshutdown$$0000000C)
    __rt_entry                               0x080001a1   Thumb Code     0  __rtentry.o(.ARM.Collect$$rtentry$$00000000)
    __rt_entry_presh_1                       0x080001a1   Thumb Code     0  __rtentry2.o(.ARM.Collect$$rtentry$$00000002)
    __rt_entry_sh                            0x080001a1   Thumb Code     0  __rtentry4.o(.ARM.Collect$$rtentry$$00000004)
    __rt_entry_li                            0x080001a7   Thumb Code     0  __rtentry2.o(.ARM.Collect$$rtentry$$0000000A)
    __rt_entry_postsh_1                      0x080001a7   Thumb Code     0  __rtentry2.o(.ARM.Collect$$rtentry$$00000009)
    __rt_entry_main                          0x080001ab   Thumb Code     0  __rtentry2.o(.ARM.Collect$$rtentry$$0000000D)
    __rt_entry_postli_1                      0x080001ab   Thumb Code     0  __rtentry2.o(.ARM.Collect$$rtentry$$0000000C)
    __rt_exit                                0x080001b3   Thumb Code     0  rtexit.o(.ARM.Collect$$rtexit$$00000000)
    __rt_exit_ls                             0x080001b5   Thumb Code     0  rtexit2.o(.ARM.Collect$$rtexit$$00000003)
    __rt_exit_prels_1                        0x080001b5   Thumb Code     0  rtexit2.o(.ARM.Collect$$rtexit$$00000002)
    __rt_exit_exit                           0x080001b9   Thumb Code     0  rtexit2.o(.ARM.Collect$$rtexit$$00000004)
    Reset_Handler                            0x080001c1   Thumb Code     8  startup_stm32f103xb.o(.text)
    ADC1_2_IRQHandler                        0x080001db   Thumb Code     0  startup_stm32f103xb.o(.text)
    CAN1_RX1_IRQHandler                      0x080001db   Thumb Code     0  startup_stm32f103xb.o(.text)
    CAN1_SCE_IRQHandler                      0x080001db   Thumb Code     0  startup_stm32f103xb.o(.text)
    DMA1_Channel1_IRQHandler                 0x080001db   Thumb Code     0  startup_stm32f103xb.o(.text)
    DMA1_Channel2_IRQHandler                 0x080001db   Thumb Code     0  startup_stm32f103xb.o(.text)
    DMA1_Channel3_IRQHandler                 0x080001db   Thumb Code     0  startup_stm32f103xb.o(.text)
    DMA1_Channel4_IRQHandler                 0x080001db   Thumb Code     0  startup_stm32f103xb.o(.text)
    DMA1_Channel5_IRQHandler                 0x080001db   Thumb Code     0  startup_stm32f103xb.o(.text)
    DMA1_Channel6_IRQHandler                 0x080001db   Thumb Code     0  startup_stm32f103xb.o(.text)
    DMA1_Channel7_IRQHandler                 0x080001db   Thumb Code     0  startup_stm32f103xb.o(.text)
    EXTI0_IRQHandler                         0x080001db   Thumb Code     0  startup_stm32f103xb.o(.text)
    EXTI15_10_IRQHandler                     0x080001db   Thumb Code     0  startup_stm32f103xb.o(.text)
    EXTI1_IRQHandler                         0x080001db   Thumb Code     0  startup_stm32f103xb.o(.text)
    EXTI2_IRQHandler                         0x080001db   Thumb Code     0  startup_stm32f103xb.o(.text)
    EXTI3_IRQHandler                         0x080001db   Thumb Code     0  startup_stm32f103xb.o(.text)
    EXTI4_IRQHandler                         0x080001db   Thumb Code     0  startup_stm32f103xb.o(.text)
    EXTI9_5_IRQHandler                       0x080001db   Thumb Code     0  startup_stm32f103xb.o(.text)
    FLASH_IRQHandler                         0x080001db   Thumb Code     0  startup_stm32f103xb.o(.text)
    I2C1_ER_IRQHandler                       0x080001db   Thumb Code     0  startup_stm32f103xb.o(.text)
    I2C1_EV_IRQHandler                       0x080001db   Thumb Code     0  startup_stm32f103xb.o(.text)
    I2C2_ER_IRQHandler                       0x080001db   Thumb Code     0  startup_stm32f103xb.o(.text)
    I2C2_EV_IRQHandler                       0x080001db   Thumb Code     0  startup_stm32f103xb.o(.text)
    PVD_IRQHandler                           0x080001db   Thumb Code     0  startup_stm32f103xb.o(.text)
    RCC_IRQHandler                           0x080001db   Thumb Code     0  startup_stm32f103xb.o(.text)
    RTC_Alarm_IRQHandler                     0x080001db   Thumb Code     0  startup_stm32f103xb.o(.text)
    SPI1_IRQHandler                          0x080001db   Thumb Code     0  startup_stm32f103xb.o(.text)
    SPI2_IRQHandler                          0x080001db   Thumb Code     0  startup_stm32f103xb.o(.text)
    TAMPER_IRQHandler                        0x080001db   Thumb Code     0  startup_stm32f103xb.o(.text)
    TIM1_BRK_IRQHandler                      0x080001db   Thumb Code     0  startup_stm32f103xb.o(.text)
    TIM1_CC_IRQHandler                       0x080001db   Thumb Code     0  startup_stm32f103xb.o(.text)
    TIM1_TRG_COM_IRQHandler                  0x080001db   Thumb Code     0  startup_stm32f103xb.o(.text)
    TIM2_IRQHandler                          0x080001db   Thumb Code     0  startup_stm32f103xb.o(.text)
    TIM3_IRQHandler                          0x080001db   Thumb Code     0  startup_stm32f103xb.o(.text)
    TIM4_IRQHandler                          0x080001db   Thumb Code     0  startup_stm32f103xb.o(.text)
    USART1_IRQHandler                        0x080001db   Thumb Code     0  startup_stm32f103xb.o(.text)
    USART2_IRQHandler                        0x080001db   Thumb Code     0  startup_stm32f103xb.o(.text)
    USART3_IRQHandler                        0x080001db   Thumb Code     0  startup_stm32f103xb.o(.text)
    USBWakeUp_IRQHandler                     0x080001db   Thumb Code     0  startup_stm32f103xb.o(.text)
    USB_HP_CAN1_TX_IRQHandler                0x080001db   Thumb Code     0  startup_stm32f103xb.o(.text)
    USB_LP_CAN1_RX0_IRQHandler               0x080001db   Thumb Code     0  startup_stm32f103xb.o(.text)
    WWDG_IRQHandler                          0x080001db   Thumb Code     0  startup_stm32f103xb.o(.text)
    __user_initial_stackheap                 0x080001dd   Thumb Code     0  startup_stm32f103xb.o(.text)
    __aeabi_llsr                             0x08000201   Thumb Code     0  llushr.o(.text)
    _ll_ushift_r                             0x08000201   Thumb Code    38  llushr.o(.text)
    __2sprintf                               0x08000229   Thumb Code    34  noretval__2sprintf.o(.text)
    _printf_pre_padding                      0x08000251   Thumb Code    44  _printf_pad.o(.text)
    _printf_post_padding                     0x0800027d   Thumb Code    34  _printf_pad.o(.text)
    _printf_str                              0x0800029f   Thumb Code    82  _printf_str.o(.text)
    _printf_int_dec                          0x080002f1   Thumb Code   104  _printf_dec.o(.text)
    _printf_int_hex                          0x08000369   Thumb Code    84  _printf_hex_int.o(.text)
    _printf_longlong_hex                     0x08000369   Thumb Code     0  _printf_hex_int.o(.text)
    __printf                                 0x080003c1   Thumb Code   308  __printf_flags_wp.o(.text)
    strcpy                                   0x080004f9   Thumb Code    72  strcpy.o(.text)
    strlen                                   0x08000541   Thumb Code    62  strlen.o(.text)
    strcat                                   0x0800057f   Thumb Code    24  strcat.o(.text)
    __aeabi_memclr4                          0x08000597   Thumb Code     0  rt_memclr_w.o(.text)
    __aeabi_memclr8                          0x08000597   Thumb Code     0  rt_memclr_w.o(.text)
    __rt_memclr_w                            0x08000597   Thumb Code    78  rt_memclr_w.o(.text)
    _memset_w                                0x0800059b   Thumb Code     0  rt_memclr_w.o(.text)
    __use_two_region_memory                  0x080005e5   Thumb Code     2  heapauxi.o(.text)
    __rt_heap_escrow$2region                 0x080005e7   Thumb Code     2  heapauxi.o(.text)
    __rt_heap_expand$2region                 0x080005e9   Thumb Code     2  heapauxi.o(.text)
    _printf_int_common                       0x080005eb   Thumb Code   178  _printf_intcommon.o(.text)
    __lib_sel_fp_printf                      0x0800069d   Thumb Code     2  _printf_fp_dec.o(.text)
    _printf_fp_dec_real                      0x0800084f   Thumb Code   620  _printf_fp_dec.o(.text)
    _printf_char_common                      0x08000ac7   Thumb Code    32  _printf_char_common.o(.text)
    _sputc                                   0x08000aed   Thumb Code    10  _sputc.o(.text)
    _printf_cs_common                        0x08000af7   Thumb Code    20  _printf_char.o(.text)
    _printf_char                             0x08000b0b   Thumb Code    16  _printf_char.o(.text)
    _printf_string                           0x08000b1b   Thumb Code     8  _printf_char.o(.text)
    __rt_locale                              0x08000b25   Thumb Code     8  rt_locale_intlibspace.o(.text)
    _ll_udiv10                               0x08000b2d   Thumb Code   138  lludiv10.o(.text)
    _printf_fp_infnan                        0x08000bb9   Thumb Code   112  _printf_fp_infnan.o(.text)
    _btod_etento                             0x08000c39   Thumb Code   224  bigflt0.o(.text)
    __user_libspace                          0x08000d1d   Thumb Code     8  libspace.o(.text)
    __user_perproc_libspace                  0x08000d1d   Thumb Code     0  libspace.o(.text)
    __user_perthread_libspace                0x08000d1d   Thumb Code     0  libspace.o(.text)
    __user_setup_stackheap                   0x08000d25   Thumb Code    74  sys_stackheap_outer.o(.text)
    exit                                     0x08000d6f   Thumb Code    18  exit.o(.text)
    strcmp                                   0x08000d81   Thumb Code   128  strcmpv7m.o(.text)
    _sys_exit                                0x08000e01   Thumb Code     8  sys_exit.o(.text)
    __I$use$semihosting                      0x08000e0d   Thumb Code     0  use_no_semi.o(.text)
    __use_no_semihosting_swi                 0x08000e0d   Thumb Code     2  use_no_semi.o(.text)
    __semihosting_library_function           0x08000e0f   Thumb Code     0  indicate_semi.o(.text)
    _btod_d2e                                0x08000e0f   Thumb Code    62  btod.o(CL$$btod_d2e)
    _d2e_denorm_low                          0x08000e4d   Thumb Code    70  btod.o(CL$$btod_d2e_denorm_low)
    _d2e_norm_op1                            0x08000e93   Thumb Code    96  btod.o(CL$$btod_d2e_norm_op1)
    __btod_div_common                        0x08000ef3   Thumb Code   696  btod.o(CL$$btod_div_common)
    _e2e                                     0x0800122b   Thumb Code   220  btod.o(CL$$btod_e2e)
    _btod_ediv                               0x08001307   Thumb Code    42  btod.o(CL$$btod_ediv)
    _btod_emul                               0x08001331   Thumb Code    42  btod.o(CL$$btod_emul)
    __btod_mult_common                       0x0800135b   Thumb Code   580  btod.o(CL$$btod_mult_common)
    BusFault_Handler                         0x0800159f   Thumb Code     2  stm32f1xx_it.o(i.BusFault_Handler)
    DebugMon_Handler                         0x080015a1   Thumb Code     2  stm32f1xx_it.o(i.DebugMon_Handler)
    FLASH_PageErase                          0x080015f1   Thumb Code    28  stm32f1xx_hal_flash_ex.o(i.FLASH_PageErase)
    FLASH_WaitForLastOperation               0x0800168d   Thumb Code    80  stm32f1xx_hal_flash.o(i.FLASH_WaitForLastOperation)
    GUI_Clear                                0x080016e1   Thumb Code    20  mygui.o(i.GUI_Clear)
    GUI_DrawPixel                            0x080016f9   Thumb Code    66  mygui.o(i.GUI_DrawPixel)
    GUI_FillRectangle                        0x08001741   Thumb Code   148  mygui.o(i.GUI_FillRectangle)
    GUI_WriteString                          0x08001885   Thumb Code   102  mygui.o(i.GUI_WriteString)
    HAL_CRC_Calculate                        0x080018f1   Thumb Code    46  stm32f1xx_hal_crc.o(i.HAL_CRC_Calculate)
    HAL_CRC_Init                             0x0800191f   Thumb Code    34  stm32f1xx_hal_crc.o(i.HAL_CRC_Init)
    HAL_CRC_MspInit                          0x08001941   Thumb Code    30  stm32f1xx_hal_msp.o(i.HAL_CRC_MspInit)
    HAL_Delay                                0x08001969   Thumb Code    32  stm32f1xx_hal.o(i.HAL_Delay)
    HAL_FLASHEx_Erase                        0x0800198d   Thumb Code   160  stm32f1xx_hal_flash_ex.o(i.HAL_FLASHEx_Erase)
    HAL_FLASH_Lock                           0x08001a35   Thumb Code    14  stm32f1xx_hal_flash.o(i.HAL_FLASH_Lock)
    HAL_FLASH_Program                        0x08001a49   Thumb Code   120  stm32f1xx_hal_flash.o(i.HAL_FLASH_Program)
    HAL_FLASH_Unlock                         0x08001ac9   Thumb Code    28  stm32f1xx_hal_flash.o(i.HAL_FLASH_Unlock)
    HAL_GPIO_DeInit                          0x08001af1   Thumb Code   254  stm32f1xx_hal_gpio.o(i.HAL_GPIO_DeInit)
    HAL_GPIO_Init                            0x08001c09   Thumb Code   446  stm32f1xx_hal_gpio.o(i.HAL_GPIO_Init)
    HAL_GPIO_ReadPin                         0x08001de9   Thumb Code    10  stm32f1xx_hal_gpio.o(i.HAL_GPIO_ReadPin)
    HAL_GPIO_WritePin                        0x08001df3   Thumb Code    10  stm32f1xx_hal_gpio.o(i.HAL_GPIO_WritePin)
    HAL_GetTick                              0x08001dfd   Thumb Code     6  stm32f1xx_hal.o(i.HAL_GetTick)
    HAL_I2C_Init                             0x08001e09   Thumb Code   376  stm32f1xx_hal_i2c.o(i.HAL_I2C_Init)
    HAL_I2C_Master_Transmit                  0x08001f91   Thumb Code   290  stm32f1xx_hal_i2c.o(i.HAL_I2C_Master_Transmit)
    HAL_I2C_MspInit                          0x080020bd   Thumb Code    96  stm32f1xx_hal_msp.o(i.HAL_I2C_MspInit)
    HAL_IncTick                              0x0800212d   Thumb Code    12  stm32f1xx_hal.o(i.HAL_IncTick)
    HAL_Init                                 0x0800213d   Thumb Code    32  stm32f1xx_hal.o(i.HAL_Init)
    HAL_InitTick                             0x08002161   Thumb Code    54  stm32f1xx_hal.o(i.HAL_InitTick)
    HAL_MspInit                              0x080021a1   Thumb Code    52  stm32f1xx_hal_msp.o(i.HAL_MspInit)
    HAL_NVIC_EnableIRQ                       0x080021dd   Thumb Code    26  stm32f1xx_hal_cortex.o(i.HAL_NVIC_EnableIRQ)
    HAL_NVIC_SetPriority                     0x080021f9   Thumb Code    60  stm32f1xx_hal_cortex.o(i.HAL_NVIC_SetPriority)
    HAL_NVIC_SetPriorityGrouping             0x08002239   Thumb Code    26  stm32f1xx_hal_cortex.o(i.HAL_NVIC_SetPriorityGrouping)
    HAL_PWR_EnableBkUpAccess                 0x0800225d   Thumb Code     8  stm32f1xx_hal_pwr.o(i.HAL_PWR_EnableBkUpAccess)
    HAL_RCCEx_GetPeriphCLKFreq               0x08002269   Thumb Code   148  stm32f1xx_hal_rcc_ex.o(i.HAL_RCCEx_GetPeriphCLKFreq)
    HAL_RCCEx_PeriphCLKConfig                0x0800230d   Thumb Code   224  stm32f1xx_hal_rcc_ex.o(i.HAL_RCCEx_PeriphCLKConfig)
    HAL_RCC_ClockConfig                      0x080023f9   Thumb Code   280  stm32f1xx_hal_rcc.o(i.HAL_RCC_ClockConfig)
    HAL_RCC_GetPCLK1Freq                     0x08002525   Thumb Code    20  stm32f1xx_hal_rcc.o(i.HAL_RCC_GetPCLK1Freq)
    HAL_RCC_GetPCLK2Freq                     0x08002545   Thumb Code    20  stm32f1xx_hal_rcc.o(i.HAL_RCC_GetPCLK2Freq)
    HAL_RCC_GetSysClockFreq                  0x08002565   Thumb Code    58  stm32f1xx_hal_rcc.o(i.HAL_RCC_GetSysClockFreq)
    HAL_RCC_OscConfig                        0x080025b1   Thumb Code   778  stm32f1xx_hal_rcc.o(i.HAL_RCC_OscConfig)
    HAL_RTCEx_RTCEventCallback               0x080028d1   Thumb Code     2  stm32f1xx_hal_rtc_ex.o(i.HAL_RTCEx_RTCEventCallback)
    HAL_RTCEx_RTCEventErrorCallback          0x080028d3   Thumb Code     2  stm32f1xx_hal_rtc_ex.o(i.HAL_RTCEx_RTCEventErrorCallback)
    HAL_RTCEx_RTCIRQHandler                  0x080028d5   Thumb Code    62  stm32f1xx_hal_rtc_ex.o(i.HAL_RTCEx_RTCIRQHandler)
    HAL_RTCEx_SetSecond_IT                   0x08002913   Thumb Code    44  stm32f1xx_hal_rtc_ex.o(i.HAL_RTCEx_SetSecond_IT)
    HAL_RTC_GetDate                          0x0800293f   Thumb Code    78  stm32f1xx_hal_rtc.o(i.HAL_RTC_GetDate)
    HAL_RTC_GetTime                          0x0800298d   Thumb Code   216  stm32f1xx_hal_rtc.o(i.HAL_RTC_GetTime)
    HAL_RTC_Init                             0x08002a65   Thumb Code   144  stm32f1xx_hal_rtc.o(i.HAL_RTC_Init)
    HAL_RTC_MspInit                          0x08002af9   Thumb Code    60  stm32f1xx_hal_msp.o(i.HAL_RTC_MspInit)
    HAL_RTC_SetTime                          0x08002b41   Thumb Code   168  stm32f1xx_hal_rtc.o(i.HAL_RTC_SetTime)
    HAL_RTC_WaitForSynchro                   0x08002bed   Thumb Code    58  stm32f1xx_hal_rtc.o(i.HAL_RTC_WaitForSynchro)
    HAL_SPI_DeInit                           0x08002c27   Thumb Code    46  stm32f1xx_hal_spi.o(i.HAL_SPI_DeInit)
    HAL_SPI_Init                             0x08002c55   Thumb Code   178  stm32f1xx_hal_spi.o(i.HAL_SPI_Init)
    HAL_SPI_MspDeInit                        0x08002d09   Thumb Code    30  stm32f1xx_hal_msp.o(i.HAL_SPI_MspDeInit)
    HAL_SPI_MspInit                          0x08002d35   Thumb Code   102  stm32f1xx_hal_msp.o(i.HAL_SPI_MspInit)
    HAL_SPI_Transmit                         0x08002da9   Thumb Code   358  stm32f1xx_hal_spi.o(i.HAL_SPI_Transmit)
    HAL_SPI_TransmitReceive                  0x08002f0f   Thumb Code   496  stm32f1xx_hal_spi.o(i.HAL_SPI_TransmitReceive)
    HAL_SYSTICK_Config                       0x080030ff   Thumb Code    40  stm32f1xx_hal_cortex.o(i.HAL_SYSTICK_Config)
    HAL_TIMEx_BreakCallback                  0x08003127   Thumb Code     2  stm32f1xx_hal_tim_ex.o(i.HAL_TIMEx_BreakCallback)
    HAL_TIMEx_CommutCallback                 0x08003129   Thumb Code     2  stm32f1xx_hal_tim_ex.o(i.HAL_TIMEx_CommutCallback)
    HAL_TIMEx_MasterConfigSynchronization    0x0800312d   Thumb Code    92  stm32f1xx_hal_tim_ex.o(i.HAL_TIMEx_MasterConfigSynchronization)
    HAL_TIM_Base_Init                        0x08003195   Thumb Code    90  stm32f1xx_hal_tim.o(i.HAL_TIM_Base_Init)
    HAL_TIM_Base_MspInit                     0x080031f1   Thumb Code    50  stm32f1xx_hal_msp.o(i.HAL_TIM_Base_MspInit)
    HAL_TIM_Base_Start_IT                    0x0800322d   Thumb Code    76  stm32f1xx_hal_tim.o(i.HAL_TIM_Base_Start_IT)
    HAL_TIM_ConfigClockSource                0x08003285   Thumb Code   220  stm32f1xx_hal_tim.o(i.HAL_TIM_ConfigClockSource)
    HAL_TIM_IC_CaptureCallback               0x08003361   Thumb Code     2  stm32f1xx_hal_tim.o(i.HAL_TIM_IC_CaptureCallback)
    HAL_TIM_IRQHandler                       0x08003363   Thumb Code   304  stm32f1xx_hal_tim.o(i.HAL_TIM_IRQHandler)
    HAL_TIM_OC_DelayElapsedCallback          0x08003493   Thumb Code     2  stm32f1xx_hal_tim.o(i.HAL_TIM_OC_DelayElapsedCallback)
    HAL_TIM_PWM_PulseFinishedCallback        0x08003495   Thumb Code     2  stm32f1xx_hal_tim.o(i.HAL_TIM_PWM_PulseFinishedCallback)
    HAL_TIM_PeriodElapsedCallback            0x08003499   Thumb Code   100  main.o(i.HAL_TIM_PeriodElapsedCallback)
    HAL_TIM_TriggerCallback                  0x0800350d   Thumb Code     2  stm32f1xx_hal_tim.o(i.HAL_TIM_TriggerCallback)
    HardFault_Handler                        0x0800350f   Thumb Code     2  stm32f1xx_it.o(i.HardFault_Handler)
    LCD_Direction                            0x080037d9   Thumb Code   108  mylcd.o(i.LCD_Direction)
    LCD_Init                                 0x08003859   Thumb Code   434  mylcd.o(i.LCD_Init)
    LCD_Reset                                0x08003a69   Thumb Code    38  mylcd.o(i.LCD_Reset)
    LCD_Select                               0x08003a95   Thumb Code    12  mylcd.o(i.LCD_Select)
    LCD_SetWindow                            0x08003aa5   Thumb Code    94  mylcd.o(i.LCD_SetWindow)
    LCD_Unselect                             0x08003b09   Thumb Code    10  mylcd.o(i.LCD_Unselect)
    LCD_WriteData                            0x08003b41   Thumb Code    34  mylcd.o(i.LCD_WriteData)
    MemManage_Handler                        0x08003d15   Thumb Code     2  stm32f1xx_it.o(i.MemManage_Handler)
    NMI_Handler                              0x08003d17   Thumb Code     2  stm32f1xx_it.o(i.NMI_Handler)
    PID_Init                                 0x08003d19   Thumb Code    26  nvram.o(i.PID_Init)
    PendSV_Handler                           0x08003d39   Thumb Code     2  stm32f1xx_it.o(i.PendSV_Handler)
    RTC_IRQHandler                           0x08003e7d   Thumb Code    16  stm32f1xx_it.o(i.RTC_IRQHandler)
    Relay                                    0x08003f69   Thumb Code    18  procedure.o(i.Relay)
    SVC_Handler                              0x08004069   Thumb Code     2  stm32f1xx_it.o(i.SVC_Handler)
    SysTick_Handler                          0x0800406b   Thumb Code     4  stm32f1xx_it.o(i.SysTick_Handler)
    SystemClock_Config                       0x0800406f   Thumb Code   104  main.o(i.SystemClock_Config)
    SystemInit                               0x080040d7   Thumb Code     2  system_stm32f1xx.o(i.SystemInit)
    TIM1_UP_IRQHandler                       0x080040d9   Thumb Code     6  stm32f1xx_it.o(i.TIM1_UP_IRQHandler)
    TIM_Base_SetConfig                       0x080040e5   Thumb Code   108  stm32f1xx_hal_tim.o(i.TIM_Base_SetConfig)
    TIM_ETR_SetConfig                        0x0800415d   Thumb Code    20  stm32f1xx_hal_tim.o(i.TIM_ETR_SetConfig)
    UpdatePID                                0x080041c9   Thumb Code   136  procedure.o(i.UpdatePID)
    UsageFault_Handler                       0x08004259   Thumb Code     2  stm32f1xx_it.o(i.UsageFault_Handler)
    XPT2046_TouchGetCoordinates              0x0800425d   Thumb Code   324  xpt2046_touch.o(i.XPT2046_TouchGetCoordinates)
    XPT2046_TouchPressed                     0x080043ad   Thumb Code    20  xpt2046_touch.o(i.XPT2046_TouchPressed)
    XPT2046_TouchSelect                      0x080043c5   Thumb Code    44  xpt2046_touch.o(i.XPT2046_TouchSelect)
    XPT2046_TouchUnselect                    0x080043f9   Thumb Code    34  xpt2046_touch.o(i.XPT2046_TouchUnselect)
    __ARM_fpclassify                         0x08004425   Thumb Code    40  fpclassify.o(i.__ARM_fpclassify)
    _is_digit                                0x0800446d   Thumb Code    14  __printf_wp.o(i._is_digit)
    calcChecksum                             0x0800447d   Thumb Code    46  nvram.o(i.calcChecksum)
    checkButtons                             0x080044b9   Thumb Code  1920  tft_proc.o(i.checkButtons)
    contains                                 0x08004c55   Thumb Code    68  tft_proc.o(i.contains)
    dallas_crc8                              0x08004ca1   Thumb Code    54  ds18b20.o(i.dallas_crc8)
    displ_0                                  0x08004cd9   Thumb Code  2176  displ.o(i.displ_0)
    displ_1                                  0x080056a5   Thumb Code   498  displ.o(i.displ_1)
    displ_2                                  0x0800593d   Thumb Code   480  displ.o(i.displ_2)
    displ_3                                  0x08005bed   Thumb Code   450  displ.o(i.displ_3)
    displ_4                                  0x08005e59   Thumb Code   252  displ.o(i.displ_4)
    displ_5                                  0x08005f99   Thumb Code   276  displ.o(i.displ_5)
    displ_6                                  0x0800612d   Thumb Code   314  displ.o(i.displ_6)
    displ_7                                  0x080062e5   Thumb Code   190  displ.o(i.displ_7)
    displ_8                                  0x080063f1   Thumb Code   148  displ.o(i.displ_8)
    display                                  0x080064d9   Thumb Code    58  displ.o(i.display)
    down_relay                               0x08006519   Thumb Code    26  tft_proc.o(i.down_relay)
    drawButton                               0x0800653d   Thumb Code   256  tft_proc.o(i.drawButton)
    ds18b20_Convert_T                        0x08006649   Thumb Code    22  ds18b20.o(i.ds18b20_Convert_T)
    ds18b20_ReadBit                          0x08006661   Thumb Code    50  ds18b20.o(i.ds18b20_ReadBit)
    ds18b20_ReadByte                         0x08006699   Thumb Code    30  ds18b20.o(i.ds18b20_ReadByte)
    ds18b20_ReadStratcpad                    0x080066b9   Thumb Code    88  ds18b20.o(i.ds18b20_ReadStratcpad)
    ds18b20_Reset                            0x08006715   Thumb Code    56  ds18b20.o(i.ds18b20_Reset)
    ds18b20_SearhRom                         0x08006751   Thumb Code   216  ds18b20.o(i.ds18b20_SearhRom)
    ds18b20_WriteBit                         0x0800682d   Thumb Code    48  ds18b20.o(i.ds18b20_WriteBit)
    ds18b20_WriteByte                        0x08006861   Thumb Code    36  ds18b20.o(i.ds18b20_WriteByte)
    ds18b20_addCode                          0x08006885   Thumb Code    52  ds18b20.o(i.ds18b20_addCode)
    ds18b20_checkSensor                      0x080068bd   Thumb Code  1408  ds18b20.o(i.ds18b20_checkSensor)
    ds18b20_port_init                        0x08006e3d   Thumb Code    42  ds18b20.o(i.ds18b20_port_init)
    humidifier                               0x08006e6d   Thumb Code    58  procedure.o(i.humidifier)
    ignition                                 0x08006eb5   Thumb Code    50  procedure.o(i.ignition)
    initData                                 0x08006ef1   Thumb Code   440  nvram.o(i.initData)
    initializeButtons                        0x080070b9   Thumb Code   150  tft_proc.o(i.initializeButtons)
    main                                     0x08007161   Thumb Code  2368  main.o(i.main)
    sendToI2c                                0x08007aad   Thumb Code    52  procedure.o(i.sendToI2c)
    setData                                  0x08007ae9   Thumb Code   248  nvram.o(i.setData)
    startPrg                                 0x08007bf9   Thumb Code   136  procedure.o(i.startPrg)
    temperature_check                        0x08007cb5   Thumb Code   262  ds18b20.o(i.temperature_check)
    up_relay                                 0x08007dcd   Thumb Code    26  tft_proc.o(i.up_relay)
    writeData                                0x08007df1   Thumb Code   302  nvram.o(i.writeData)
    _get_lc_numeric                          0x08007f31   Thumb Code    44  lc_numeric_c.o(locale$$code)
    __fpl_dretinf                            0x08007f5d   Thumb Code    12  dretinf.o(x$fpl$dretinf)
    __aeabi_f2d                              0x08007f69   Thumb Code     0  f2d.o(x$fpl$f2d)
    _f2d                                     0x08007f69   Thumb Code    86  f2d.o(x$fpl$f2d)
    __aeabi_fadd                             0x08007fc1   Thumb Code     0  faddsub_clz.o(x$fpl$fadd)
    _fadd                                    0x08007fc1   Thumb Code   196  faddsub_clz.o(x$fpl$fadd)
    __aeabi_fdiv                             0x08008085   Thumb Code     0  fdiv.o(x$fpl$fdiv)
    _fdiv                                    0x08008085   Thumb Code   384  fdiv.o(x$fpl$fdiv)
    __aeabi_f2iz                             0x08008209   Thumb Code     0  ffix.o(x$fpl$ffix)
    _ffix                                    0x08008209   Thumb Code    54  ffix.o(x$fpl$ffix)
    __aeabi_i2f                              0x08008241   Thumb Code     0  fflt_clz.o(x$fpl$fflt)
    _fflt                                    0x08008241   Thumb Code    48  fflt_clz.o(x$fpl$fflt)
    __aeabi_ui2f                             0x08008271   Thumb Code     0  fflt_clz.o(x$fpl$ffltu)
    _ffltu                                   0x08008271   Thumb Code    38  fflt_clz.o(x$fpl$ffltu)
    __aeabi_fmul                             0x08008299   Thumb Code     0  fmul.o(x$fpl$fmul)
    _fmul                                    0x08008299   Thumb Code   258  fmul.o(x$fpl$fmul)
    __fpl_fnaninf                            0x0800839b   Thumb Code   140  fnaninf.o(x$fpl$fnaninf)
    __fpl_fretinf                            0x08008427   Thumb Code    10  fretinf.o(x$fpl$fretinf)
    __aeabi_fsub                             0x08008431   Thumb Code     0  faddsub_clz.o(x$fpl$fsub)
    _fsub                                    0x08008431   Thumb Code   234  faddsub_clz.o(x$fpl$fsub)
    _printf_fp_dec                           0x0800851b   Thumb Code     4  printf1.o(x$fpl$printf1)
    __I$use$fp                               0x0800851e   Number         0  usenofp.o(x$fpl$usenofp)
    AHBPrescTable                            0x0800aefc   Data          16  system_stm32f1xx.o(.constdata)
    APBPrescTable                            0x0800af0c   Data           8  system_stm32f1xx.o(.constdata)
    Region$$Table$$Base                      0x0800b0d8   Number         0  anon$$obj.o(Region$$Table)
    Region$$Table$$Limit                     0x0800b0f8   Number         0  anon$$obj.o(Region$$Table)
    LastDeviceFlag                           0x20000000   Data           1  ds18b20.o(.data)
    LastDiscrepancy                          0x20000001   Data           1  ds18b20.o(.data)
    LastFamilyDiscrepancy                    0x20000002   Data           1  ds18b20.o(.data)
    ROM_NO                                   0x20000003   Data           8  ds18b20.o(.data)
    Font_11x18                               0x2000000c   Data           8  fonts.o(.data)
    Font_16x26                               0x20000014   Data           8  fonts.o(.data)
    maxVal                                   0x2000001c   Data           2  tft_proc.o(.data)
    minVal                                   0x2000001e   Data           2  tft_proc.o(.data)
    mcp                                      0x20000020   Data           2  procedure.o(.data)
    modeName                                 0x20000024   Data          16  main.o(.data)
    setName                                  0x20000034   Data          32  main.o(.data)
    otherName                                0x20000054   Data          28  main.o(.data)
    relayName                                0x20000070   Data          28  main.o(.data)
    displ_num                                0x2000008c   Data           1  main.o(.data)
    modeCell                                 0x2000008d   Data           1  main.o(.data)
    buttonAmount                             0x2000008e   Data           1  main.o(.data)
    timer10ms                                0x2000008f   Data           1  main.o(.data)
    tmrVent                                  0x20000090   Data           1  main.o(.data)
    ticBeep                                  0x20000091   Data           1  main.o(.data)
    pwTriac                                  0x20000092   Data           1  main.o(.data)
    invers                                   0x20000093   Data           1  main.o(.data)
    dsplPW                                   0x20000094   Data           1  main.o(.data)
    ds18b20_amount                           0x20000095   Data           1  main.o(.data)
    tmrWater                                 0x20000096   Data           1  main.o(.data)
    resetDispl                               0x20000098   Data           2  main.o(.data)
    displOff                                 0x2000009a   Data           2  main.o(.data)
    errors                                   0x2000009c   Data           2  main.o(.data)
    arhCount                                 0x2000009e   Data           2  main.o(.data)
    touch_x                                  0x200000a0   Data           2  main.o(.data)
    touch_y                                  0x200000a2   Data           2  main.o(.data)
    Y_str                                    0x200000a4   Data           2  main.o(.data)
    X_left                                   0x200000a6   Data           2  main.o(.data)
    Y_bottom                                 0x200000a8   Data           2  main.o(.data)
    fillScreen                               0x200000aa   Data           2  main.o(.data)
    color0                                   0x200000ac   Data           2  main.o(.data)
    color1                                   0x200000ae   Data           2  main.o(.data)
    checkTime                                0x200000b0   Data           2  main.o(.data)
    checkSmoke                               0x200000b2   Data           2  main.o(.data)
    sTime                                    0x200000b4   Data           3  main.o(.data)
    portFlag                                 0x200000b8   Data           4  main.o(.data)
    relayOut                                 0x200000bc   Data           4  main.o(.data)
    relaySet                                 0x200000c0   Data           8  main.o(.data)
    hcrc                                     0x200000c8   Data           8  main.o(.data)
    numSet                                   0x200000d0   Data           1  main.o(.data)
    sDate                                    0x200000d1   Data           4  main.o(.data)
    tmrCounter                               0x200000d6   Data           2  main.o(.data)
    Y_top                                    0x200000d8   Data           2  main.o(.data)
    oldNumSet                                0x200000da   Data           1  main.o(.data)
    uwTickFreq                               0x200000dc   Data           1  stm32f1xx_hal.o(.data)
    uwTickPrio                               0x200000e0   Data           4  stm32f1xx_hal.o(.data)
    uwTick                                   0x200000e4   Data           4  stm32f1xx_hal.o(.data)
    SystemCoreClock                          0x200000e8   Data           4  system_stm32f1xx.o(.data)
    lcddev                                   0x200000ec   Data          14  mylcd.o(.bss)
    newval                                   0x200000fc   Data          16  tft_proc.o(.bss)
    buttons                                  0x2000010c   Data          48  tft_proc.o(.bss)
    dataRAM                                  0x2000014c   Data        1024  nvram.o(.bss)
    hi2c1                                    0x2000054c   Data          84  main.o(.bss)
    hrtc                                     0x200005a0   Data          20  main.o(.bss)
    hspi2                                    0x200005b4   Data          88  main.o(.bss)
    htim1                                    0x2000060c   Data          72  main.o(.bss)
    buffTFT                                  0x20000654   Data          40  main.o(.bss)
    ds                                       0x2000067c   Data          12  main.o(.bss)
    arhErrors                                0x20000688   Data          30  main.o(.bss)
    set                                      0x200006a6   Data          24  main.o(.bss)
    pid                                      0x200006c0   Data          28  main.o(.bss)
    speedData                                0x200006dc   Data          32  main.o(.bss)
    familycode                               0x200006fc   Data          32  main.o(.bss)
    pFlash                                   0x20000720   Data          32  stm32f1xx_hal_flash.o(.bss)
    __libspace_start                         0x20000740   Data          96  libspace.o(.bss)
    __temporary_stack_top$libspace           0x200007a0   Data           0  libspace.o(.bss)



==============================================================================

Memory Map of the image

  Image Entry point : 0x080000ed

  Load Region LR_IROM1 (Base: 0x08000000, Size: 0x0000b200, Max: 0x00010000, ABSOLUTE)

    Execution Region ER_IROM1 (Exec base: 0x08000000, Load base: 0x08000000, Size: 0x0000b114, Max: 0x00010000, ABSOLUTE)

    Exec Addr    Load Addr    Size         Type   Attr      Idx    E Section Name        Object

    0x08000000   0x08000000   0x000000ec   Data   RO            3    RESET               startup_stm32f103xb.o
    0x080000ec   0x080000ec   0x00000008   Code   RO         4231  * !!!main             c_w.l(__main.o)
    0x080000f4   0x080000f4   0x00000034   Code   RO         4477    !!!scatter          c_w.l(__scatter.o)
    0x08000128   0x08000128   0x0000001a   Code   RO         4479    !!handler_copy      c_w.l(__scatter_copy.o)
    0x08000142   0x08000142   0x00000002   PAD
    0x08000144   0x08000144   0x0000001c   Code   RO         4481    !!handler_zi        c_w.l(__scatter_zi.o)
    0x08000160   0x08000160   0x00000000   Code   RO         4220    .ARM.Collect$$_printf_percent$$00000000  c_w.l(_printf_percent.o)
    0x08000160   0x08000160   0x00000006   Code   RO         4219    .ARM.Collect$$_printf_percent$$00000003  c_w.l(_printf_f.o)
    0x08000166   0x08000166   0x00000006   Code   RO         4216    .ARM.Collect$$_printf_percent$$00000008  c_w.l(_printf_i.o)
    0x0800016c   0x0800016c   0x00000006   Code   RO         4217    .ARM.Collect$$_printf_percent$$00000009  c_w.l(_printf_d.o)
    0x08000172   0x08000172   0x00000006   Code   RO         4218    .ARM.Collect$$_printf_percent$$0000000A  c_w.l(_printf_u.o)
    0x08000178   0x08000178   0x00000006   Code   RO         4215    .ARM.Collect$$_printf_percent$$0000000C  c_w.l(_printf_x.o)
    0x0800017e   0x0800017e   0x00000006   Code   RO         4214    .ARM.Collect$$_printf_percent$$00000014  c_w.l(_printf_s.o)
    0x08000184   0x08000184   0x00000004   Code   RO         4270    .ARM.Collect$$_printf_percent$$00000017  c_w.l(_printf_percent_end.o)
    0x08000188   0x08000188   0x00000002   Code   RO         4350    .ARM.Collect$$libinit$$00000000  c_w.l(libinit.o)
    0x0800018a   0x0800018a   0x00000000   Code   RO         4352    .ARM.Collect$$libinit$$00000002  c_w.l(libinit2.o)
    0x0800018a   0x0800018a   0x00000000   Code   RO         4354    .ARM.Collect$$libinit$$00000004  c_w.l(libinit2.o)
    0x0800018a   0x0800018a   0x00000000   Code   RO         4357    .ARM.Collect$$libinit$$0000000A  c_w.l(libinit2.o)
    0x0800018a   0x0800018a   0x00000000   Code   RO         4359    .ARM.Collect$$libinit$$0000000C  c_w.l(libinit2.o)
    0x0800018a   0x0800018a   0x00000000   Code   RO         4361    .ARM.Collect$$libinit$$0000000E  c_w.l(libinit2.o)
    0x0800018a   0x0800018a   0x00000006   Code   RO         4362    .ARM.Collect$$libinit$$0000000F  c_w.l(libinit2.o)
    0x08000190   0x08000190   0x00000000   Code   RO         4364    .ARM.Collect$$libinit$$00000011  c_w.l(libinit2.o)
    0x08000190   0x08000190   0x00000000   Code   RO         4366    .ARM.Collect$$libinit$$00000013  c_w.l(libinit2.o)
    0x08000190   0x08000190   0x00000000   Code   RO         4368    .ARM.Collect$$libinit$$00000015  c_w.l(libinit2.o)
    0x08000190   0x08000190   0x0000000a   Code   RO         4369    .ARM.Collect$$libinit$$00000016  c_w.l(libinit2.o)
    0x0800019a   0x0800019a   0x00000000   Code   RO         4370    .ARM.Collect$$libinit$$00000017  c_w.l(libinit2.o)
    0x0800019a   0x0800019a   0x00000000   Code   RO         4372    .ARM.Collect$$libinit$$00000019  c_w.l(libinit2.o)
    0x0800019a   0x0800019a   0x00000000   Code   RO         4374    .ARM.Collect$$libinit$$0000001B  c_w.l(libinit2.o)
    0x0800019a   0x0800019a   0x00000000   Code   RO         4376    .ARM.Collect$$libinit$$0000001D  c_w.l(libinit2.o)
    0x0800019a   0x0800019a   0x00000000   Code   RO         4378    .ARM.Collect$$libinit$$0000001F  c_w.l(libinit2.o)
    0x0800019a   0x0800019a   0x00000000   Code   RO         4380    .ARM.Collect$$libinit$$00000021  c_w.l(libinit2.o)
    0x0800019a   0x0800019a   0x00000000   Code   RO         4382    .ARM.Collect$$libinit$$00000023  c_w.l(libinit2.o)
    0x0800019a   0x0800019a   0x00000000   Code   RO         4384    .ARM.Collect$$libinit$$00000025  c_w.l(libinit2.o)
    0x0800019a   0x0800019a   0x00000000   Code   RO         4388    .ARM.Collect$$libinit$$0000002C  c_w.l(libinit2.o)
    0x0800019a   0x0800019a   0x00000000   Code   RO         4390    .ARM.Collect$$libinit$$0000002E  c_w.l(libinit2.o)
    0x0800019a   0x0800019a   0x00000000   Code   RO         4392    .ARM.Collect$$libinit$$00000030  c_w.l(libinit2.o)
    0x0800019a   0x0800019a   0x00000000   Code   RO         4394    .ARM.Collect$$libinit$$00000032  c_w.l(libinit2.o)
    0x0800019a   0x0800019a   0x00000002   Code   RO         4395    .ARM.Collect$$libinit$$00000033  c_w.l(libinit2.o)
    0x0800019c   0x0800019c   0x00000002   Code   RO         4425    .ARM.Collect$$libshutdown$$00000000  c_w.l(libshutdown.o)
    0x0800019e   0x0800019e   0x00000000   Code   RO         4436    .ARM.Collect$$libshutdown$$00000002  c_w.l(libshutdown2.o)
    0x0800019e   0x0800019e   0x00000000   Code   RO         4438    .ARM.Collect$$libshutdown$$00000004  c_w.l(libshutdown2.o)
    0x0800019e   0x0800019e   0x00000000   Code   RO         4441    .ARM.Collect$$libshutdown$$00000007  c_w.l(libshutdown2.o)
    0x0800019e   0x0800019e   0x00000000   Code   RO         4444    .ARM.Collect$$libshutdown$$0000000A  c_w.l(libshutdown2.o)
    0x0800019e   0x0800019e   0x00000000   Code   RO         4446    .ARM.Collect$$libshutdown$$0000000C  c_w.l(libshutdown2.o)
    0x0800019e   0x0800019e   0x00000000   Code   RO         4449    .ARM.Collect$$libshutdown$$0000000F  c_w.l(libshutdown2.o)
    0x0800019e   0x0800019e   0x00000002   Code   RO         4450    .ARM.Collect$$libshutdown$$00000010  c_w.l(libshutdown2.o)
    0x080001a0   0x080001a0   0x00000000   Code   RO         4259    .ARM.Collect$$rtentry$$00000000  c_w.l(__rtentry.o)
    0x080001a0   0x080001a0   0x00000000   Code   RO         4279    .ARM.Collect$$rtentry$$00000002  c_w.l(__rtentry2.o)
    0x080001a0   0x080001a0   0x00000006   Code   RO         4291    .ARM.Collect$$rtentry$$00000004  c_w.l(__rtentry4.o)
    0x080001a6   0x080001a6   0x00000000   Code   RO         4281    .ARM.Collect$$rtentry$$00000009  c_w.l(__rtentry2.o)
    0x080001a6   0x080001a6   0x00000004   Code   RO         4282    .ARM.Collect$$rtentry$$0000000A  c_w.l(__rtentry2.o)
    0x080001aa   0x080001aa   0x00000000   Code   RO         4284    .ARM.Collect$$rtentry$$0000000C  c_w.l(__rtentry2.o)
    0x080001aa   0x080001aa   0x00000008   Code   RO         4285    .ARM.Collect$$rtentry$$0000000D  c_w.l(__rtentry2.o)
    0x080001b2   0x080001b2   0x00000002   Code   RO         4396    .ARM.Collect$$rtexit$$00000000  c_w.l(rtexit.o)
    0x080001b4   0x080001b4   0x00000000   Code   RO         4403    .ARM.Collect$$rtexit$$00000002  c_w.l(rtexit2.o)
    0x080001b4   0x080001b4   0x00000004   Code   RO         4404    .ARM.Collect$$rtexit$$00000003  c_w.l(rtexit2.o)
    0x080001b8   0x080001b8   0x00000006   Code   RO         4405    .ARM.Collect$$rtexit$$00000004  c_w.l(rtexit2.o)
    0x080001be   0x080001be   0x00000002   PAD
    0x080001c0   0x080001c0   0x00000040   Code   RO            4    .text               startup_stm32f103xb.o
    0x08000200   0x08000200   0x00000026   Code   RO         4159    .text               c_w.l(llushr.o)
    0x08000226   0x08000226   0x00000002   PAD
    0x08000228   0x08000228   0x00000028   Code   RO         4163    .text               c_w.l(noretval__2sprintf.o)
    0x08000250   0x08000250   0x0000004e   Code   RO         4167    .text               c_w.l(_printf_pad.o)
    0x0800029e   0x0800029e   0x00000052   Code   RO         4169    .text               c_w.l(_printf_str.o)
    0x080002f0   0x080002f0   0x00000078   Code   RO         4171    .text               c_w.l(_printf_dec.o)
    0x08000368   0x08000368   0x00000058   Code   RO         4176    .text               c_w.l(_printf_hex_int.o)
    0x080003c0   0x080003c0   0x00000138   Code   RO         4206    .text               c_w.l(__printf_flags_wp.o)
    0x080004f8   0x080004f8   0x00000048   Code   RO         4221    .text               c_w.l(strcpy.o)
    0x08000540   0x08000540   0x0000003e   Code   RO         4223    .text               c_w.l(strlen.o)
    0x0800057e   0x0800057e   0x00000018   Code   RO         4225    .text               c_w.l(strcat.o)
    0x08000596   0x08000596   0x0000004e   Code   RO         4227    .text               c_w.l(rt_memclr_w.o)
    0x080005e4   0x080005e4   0x00000006   Code   RO         4229    .text               c_w.l(heapauxi.o)
    0x080005ea   0x080005ea   0x000000b2   Code   RO         4260    .text               c_w.l(_printf_intcommon.o)
    0x0800069c   0x0800069c   0x0000041e   Code   RO         4262    .text               c_w.l(_printf_fp_dec.o)
    0x08000aba   0x08000aba   0x00000002   PAD
    0x08000abc   0x08000abc   0x00000030   Code   RO         4264    .text               c_w.l(_printf_char_common.o)
    0x08000aec   0x08000aec   0x0000000a   Code   RO         4266    .text               c_w.l(_sputc.o)
    0x08000af6   0x08000af6   0x0000002c   Code   RO         4268    .text               c_w.l(_printf_char.o)
    0x08000b22   0x08000b22   0x00000002   PAD
    0x08000b24   0x08000b24   0x00000008   Code   RO         4296    .text               c_w.l(rt_locale_intlibspace.o)
    0x08000b2c   0x08000b2c   0x0000008a   Code   RO         4298    .text               c_w.l(lludiv10.o)
    0x08000bb6   0x08000bb6   0x00000002   PAD
    0x08000bb8   0x08000bb8   0x00000080   Code   RO         4300    .text               c_w.l(_printf_fp_infnan.o)
    0x08000c38   0x08000c38   0x000000e4   Code   RO         4304    .text               c_w.l(bigflt0.o)
    0x08000d1c   0x08000d1c   0x00000008   Code   RO         4336    .text               c_w.l(libspace.o)
    0x08000d24   0x08000d24   0x0000004a   Code   RO         4339    .text               c_w.l(sys_stackheap_outer.o)
    0x08000d6e   0x08000d6e   0x00000012   Code   RO         4341    .text               c_w.l(exit.o)
    0x08000d80   0x08000d80   0x00000080   Code   RO         4343    .text               c_w.l(strcmpv7m.o)
    0x08000e00   0x08000e00   0x0000000c   Code   RO         4415    .text               c_w.l(sys_exit.o)
    0x08000e0c   0x08000e0c   0x00000002   Code   RO         4426    .text               c_w.l(use_no_semi.o)
    0x08000e0e   0x08000e0e   0x00000000   Code   RO         4428    .text               c_w.l(indicate_semi.o)
    0x08000e0e   0x08000e0e   0x0000003e   Code   RO         4307    CL$$btod_d2e        c_w.l(btod.o)
    0x08000e4c   0x08000e4c   0x00000046   Code   RO         4309    CL$$btod_d2e_denorm_low  c_w.l(btod.o)
    0x08000e92   0x08000e92   0x00000060   Code   RO         4308    CL$$btod_d2e_norm_op1  c_w.l(btod.o)
    0x08000ef2   0x08000ef2   0x00000338   Code   RO         4317    CL$$btod_div_common  c_w.l(btod.o)
    0x0800122a   0x0800122a   0x000000dc   Code   RO         4314    CL$$btod_e2e        c_w.l(btod.o)
    0x08001306   0x08001306   0x0000002a   Code   RO         4311    CL$$btod_ediv       c_w.l(btod.o)
    0x08001330   0x08001330   0x0000002a   Code   RO         4310    CL$$btod_emul       c_w.l(btod.o)
    0x0800135a   0x0800135a   0x00000244   Code   RO         4316    CL$$btod_mult_common  c_w.l(btod.o)
    0x0800159e   0x0800159e   0x00000002   Code   RO          855    i.BusFault_Handler  stm32f1xx_it.o
    0x080015a0   0x080015a0   0x00000002   Code   RO          856    i.DebugMon_Handler  stm32f1xx_it.o
    0x080015a2   0x080015a2   0x00000002   PAD
    0x080015a4   0x080015a4   0x00000028   Code   RO           13    i.DelayMicro        ds18b20.o
    0x080015cc   0x080015cc   0x00000024   Code   RO         1943    i.FLASH_MassErase   stm32f1xx_hal_flash_ex.o
    0x080015f0   0x080015f0   0x00000024   Code   RO         1948    i.FLASH_PageErase   stm32f1xx_hal_flash_ex.o
    0x08001614   0x08001614   0x0000001c   Code   RO         1840    i.FLASH_Program_HalfWord  stm32f1xx_hal_flash.o
    0x08001630   0x08001630   0x0000005c   Code   RO         1841    i.FLASH_SetErrorCode  stm32f1xx_hal_flash.o
    0x0800168c   0x0800168c   0x00000054   Code   RO         1842    i.FLASH_WaitForLastOperation  stm32f1xx_hal_flash.o
    0x080016e0   0x080016e0   0x00000018   Code   RO          281    i.GUI_Clear         mygui.o
    0x080016f8   0x080016f8   0x00000048   Code   RO          282    i.GUI_DrawPixel     mygui.o
    0x08001740   0x08001740   0x000000a0   Code   RO          283    i.GUI_FillRectangle  mygui.o
    0x080017e0   0x080017e0   0x000000a4   Code   RO          284    i.GUI_WriteChar     mygui.o
    0x08001884   0x08001884   0x0000006c   Code   RO          285    i.GUI_WriteString   mygui.o
    0x080018f0   0x080018f0   0x0000002e   Code   RO         1064    i.HAL_CRC_Calculate  stm32f1xx_hal_crc.o
    0x0800191e   0x0800191e   0x00000022   Code   RO         1067    i.HAL_CRC_Init      stm32f1xx_hal_crc.o
    0x08001940   0x08001940   0x00000028   Code   RO          944    i.HAL_CRC_MspInit   stm32f1xx_hal_msp.o
    0x08001968   0x08001968   0x00000024   Code   RO         1130    i.HAL_Delay         stm32f1xx_hal.o
    0x0800198c   0x0800198c   0x000000a8   Code   RO         1949    i.HAL_FLASHEx_Erase  stm32f1xx_hal_flash_ex.o
    0x08001a34   0x08001a34   0x00000014   Code   RO         1846    i.HAL_FLASH_Lock    stm32f1xx_hal_flash.o
    0x08001a48   0x08001a48   0x00000080   Code   RO         1851    i.HAL_FLASH_Program  stm32f1xx_hal_flash.o
    0x08001ac8   0x08001ac8   0x00000028   Code   RO         1853    i.HAL_FLASH_Unlock  stm32f1xx_hal_flash.o
    0x08001af0   0x08001af0   0x00000118   Code   RO         1437    i.HAL_GPIO_DeInit   stm32f1xx_hal_gpio.o
    0x08001c08   0x08001c08   0x000001e0   Code   RO         1440    i.HAL_GPIO_Init     stm32f1xx_hal_gpio.o
    0x08001de8   0x08001de8   0x0000000a   Code   RO         1442    i.HAL_GPIO_ReadPin  stm32f1xx_hal_gpio.o
    0x08001df2   0x08001df2   0x0000000a   Code   RO         1444    i.HAL_GPIO_WritePin  stm32f1xx_hal_gpio.o
    0x08001dfc   0x08001dfc   0x0000000c   Code   RO         1134    i.HAL_GetTick       stm32f1xx_hal.o
    0x08001e08   0x08001e08   0x00000188   Code   RO         2111    i.HAL_I2C_Init      stm32f1xx_hal_i2c.o
    0x08001f90   0x08001f90   0x0000012c   Code   RO         2124    i.HAL_I2C_Master_Transmit  stm32f1xx_hal_i2c.o
    0x080020bc   0x080020bc   0x00000070   Code   RO          946    i.HAL_I2C_MspInit   stm32f1xx_hal_msp.o
    0x0800212c   0x0800212c   0x00000010   Code   RO         1140    i.HAL_IncTick       stm32f1xx_hal.o
    0x0800213c   0x0800213c   0x00000024   Code   RO         1141    i.HAL_Init          stm32f1xx_hal.o
    0x08002160   0x08002160   0x00000040   Code   RO         1142    i.HAL_InitTick      stm32f1xx_hal.o
    0x080021a0   0x080021a0   0x0000003c   Code   RO          947    i.HAL_MspInit       stm32f1xx_hal_msp.o
    0x080021dc   0x080021dc   0x0000001a   Code   RO         1600    i.HAL_NVIC_EnableIRQ  stm32f1xx_hal_cortex.o
    0x080021f6   0x080021f6   0x00000002   PAD
    0x080021f8   0x080021f8   0x00000040   Code   RO         1606    i.HAL_NVIC_SetPriority  stm32f1xx_hal_cortex.o
    0x08002238   0x08002238   0x00000024   Code   RO         1607    i.HAL_NVIC_SetPriorityGrouping  stm32f1xx_hal_cortex.o
    0x0800225c   0x0800225c   0x0000000c   Code   RO         1722    i.HAL_PWR_EnableBkUpAccess  stm32f1xx_hal_pwr.o
    0x08002268   0x08002268   0x000000a4   Code   RO         1401    i.HAL_RCCEx_GetPeriphCLKFreq  stm32f1xx_hal_rcc_ex.o
    0x0800230c   0x0800230c   0x000000ec   Code   RO         1402    i.HAL_RCCEx_PeriphCLKConfig  stm32f1xx_hal_rcc_ex.o
    0x080023f8   0x080023f8   0x0000012c   Code   RO         1298    i.HAL_RCC_ClockConfig  stm32f1xx_hal_rcc.o
    0x08002524   0x08002524   0x00000020   Code   RO         1305    i.HAL_RCC_GetPCLK1Freq  stm32f1xx_hal_rcc.o
    0x08002544   0x08002544   0x00000020   Code   RO         1306    i.HAL_RCC_GetPCLK2Freq  stm32f1xx_hal_rcc.o
    0x08002564   0x08002564   0x0000004c   Code   RO         1307    i.HAL_RCC_GetSysClockFreq  stm32f1xx_hal_rcc.o
    0x080025b0   0x080025b0   0x00000320   Code   RO         1310    i.HAL_RCC_OscConfig  stm32f1xx_hal_rcc.o
    0x080028d0   0x080028d0   0x00000002   Code   RO         2712    i.HAL_RTCEx_RTCEventCallback  stm32f1xx_hal_rtc_ex.o
    0x080028d2   0x080028d2   0x00000002   Code   RO         2713    i.HAL_RTCEx_RTCEventErrorCallback  stm32f1xx_hal_rtc_ex.o
    0x080028d4   0x080028d4   0x0000003e   Code   RO         2714    i.HAL_RTCEx_RTCIRQHandler  stm32f1xx_hal_rtc_ex.o
    0x08002912   0x08002912   0x0000002c   Code   RO         2715    i.HAL_RTCEx_SetSecond_IT  stm32f1xx_hal_rtc_ex.o
    0x0800293e   0x0800293e   0x0000004e   Code   RO         2542    i.HAL_RTC_GetDate   stm32f1xx_hal_rtc.o
    0x0800298c   0x0800298c   0x000000d8   Code   RO         2544    i.HAL_RTC_GetTime   stm32f1xx_hal_rtc.o
    0x08002a64   0x08002a64   0x00000094   Code   RO         2545    i.HAL_RTC_Init      stm32f1xx_hal_rtc.o
    0x08002af8   0x08002af8   0x00000048   Code   RO          949    i.HAL_RTC_MspInit   stm32f1xx_hal_msp.o
    0x08002b40   0x08002b40   0x000000ac   Code   RO         2552    i.HAL_RTC_SetTime   stm32f1xx_hal_rtc.o
    0x08002bec   0x08002bec   0x0000003a   Code   RO         2553    i.HAL_RTC_WaitForSynchro  stm32f1xx_hal_rtc.o
    0x08002c26   0x08002c26   0x0000002e   Code   RO         2815    i.HAL_SPI_DeInit    stm32f1xx_hal_spi.o
    0x08002c54   0x08002c54   0x000000b2   Code   RO         2820    i.HAL_SPI_Init      stm32f1xx_hal_spi.o
    0x08002d06   0x08002d06   0x00000002   PAD
    0x08002d08   0x08002d08   0x0000002c   Code   RO          950    i.HAL_SPI_MspDeInit  stm32f1xx_hal_msp.o
    0x08002d34   0x08002d34   0x00000074   Code   RO          951    i.HAL_SPI_MspInit   stm32f1xx_hal_msp.o
    0x08002da8   0x08002da8   0x00000166   Code   RO         2828    i.HAL_SPI_Transmit  stm32f1xx_hal_spi.o
    0x08002f0e   0x08002f0e   0x000001f0   Code   RO         2829    i.HAL_SPI_TransmitReceive  stm32f1xx_hal_spi.o
    0x080030fe   0x080030fe   0x00000028   Code   RO         1611    i.HAL_SYSTICK_Config  stm32f1xx_hal_cortex.o
    0x08003126   0x08003126   0x00000002   Code   RO         3837    i.HAL_TIMEx_BreakCallback  stm32f1xx_hal_tim_ex.o
    0x08003128   0x08003128   0x00000002   Code   RO         3838    i.HAL_TIMEx_CommutCallback  stm32f1xx_hal_tim_ex.o
    0x0800312a   0x0800312a   0x00000002   PAD
    0x0800312c   0x0800312c   0x00000068   Code   RO         3856    i.HAL_TIMEx_MasterConfigSynchronization  stm32f1xx_hal_tim_ex.o
    0x08003194   0x08003194   0x0000005a   Code   RO         3133    i.HAL_TIM_Base_Init  stm32f1xx_hal_tim.o
    0x080031ee   0x080031ee   0x00000002   PAD
    0x080031f0   0x080031f0   0x0000003c   Code   RO          953    i.HAL_TIM_Base_MspInit  stm32f1xx_hal_msp.o
    0x0800322c   0x0800322c   0x00000058   Code   RO         3138    i.HAL_TIM_Base_Start_IT  stm32f1xx_hal_tim.o
    0x08003284   0x08003284   0x000000dc   Code   RO         3142    i.HAL_TIM_ConfigClockSource  stm32f1xx_hal_tim.o
    0x08003360   0x08003360   0x00000002   Code   RO         3167    i.HAL_TIM_IC_CaptureCallback  stm32f1xx_hal_tim.o
    0x08003362   0x08003362   0x00000130   Code   RO         3181    i.HAL_TIM_IRQHandler  stm32f1xx_hal_tim.o
    0x08003492   0x08003492   0x00000002   Code   RO         3184    i.HAL_TIM_OC_DelayElapsedCallback  stm32f1xx_hal_tim.o
    0x08003494   0x08003494   0x00000002   Code   RO         3211    i.HAL_TIM_PWM_PulseFinishedCallback  stm32f1xx_hal_tim.o
    0x08003496   0x08003496   0x00000002   PAD
    0x08003498   0x08003498   0x00000074   Code   RO          759    i.HAL_TIM_PeriodElapsedCallback  main.o
    0x0800350c   0x0800350c   0x00000002   Code   RO         3224    i.HAL_TIM_TriggerCallback  stm32f1xx_hal_tim.o
    0x0800350e   0x0800350e   0x00000002   Code   RO          857    i.HardFault_Handler  stm32f1xx_it.o
    0x08003510   0x08003510   0x0000002e   Code   RO         2154    i.I2C_IsAcknowledgeFailed  stm32f1xx_hal_i2c.o
    0x0800353e   0x0800353e   0x00000002   PAD
    0x08003540   0x08003540   0x0000009c   Code   RO         2158    i.I2C_MasterRequestWrite  stm32f1xx_hal_i2c.o
    0x080035dc   0x080035dc   0x00000056   Code   RO         2169    i.I2C_WaitOnBTFFlagUntilTimeout  stm32f1xx_hal_i2c.o
    0x08003632   0x08003632   0x00000002   PAD
    0x08003634   0x08003634   0x00000090   Code   RO         2170    i.I2C_WaitOnFlagUntilTimeout  stm32f1xx_hal_i2c.o
    0x080036c4   0x080036c4   0x000000bc   Code   RO         2171    i.I2C_WaitOnMasterAddressFlagUntilTimeout  stm32f1xx_hal_i2c.o
    0x08003780   0x08003780   0x00000056   Code   RO         2173    i.I2C_WaitOnTXEFlagUntilTimeout  stm32f1xx_hal_i2c.o
    0x080037d6   0x080037d6   0x00000002   PAD
    0x080037d8   0x080037d8   0x00000080   Code   RO          335    i.LCD_Direction     mylcd.o
    0x08003858   0x08003858   0x00000210   Code   RO          336    i.LCD_Init          mylcd.o
    0x08003a68   0x08003a68   0x0000002c   Code   RO          337    i.LCD_Reset         mylcd.o
    0x08003a94   0x08003a94   0x00000010   Code   RO          338    i.LCD_Select        mylcd.o
    0x08003aa4   0x08003aa4   0x00000064   Code   RO          339    i.LCD_SetWindow     mylcd.o
    0x08003b08   0x08003b08   0x00000010   Code   RO          340    i.LCD_Unselect      mylcd.o
    0x08003b18   0x08003b18   0x00000028   Code   RO          341    i.LCD_WriteCommand  mylcd.o
    0x08003b40   0x08003b40   0x0000002c   Code   RO          342    i.LCD_WriteData     mylcd.o
    0x08003b6c   0x08003b6c   0x0000011c   Code   RO          760    i.MX_GPIO_Init      main.o
    0x08003c88   0x08003c88   0x00000034   Code   RO          761    i.MX_SPI2_Init      main.o
    0x08003cbc   0x08003cbc   0x00000058   Code   RO          762    i.MX_TIM1_Init      main.o
    0x08003d14   0x08003d14   0x00000002   Code   RO          858    i.MemManage_Handler  stm32f1xx_it.o
    0x08003d16   0x08003d16   0x00000002   Code   RO          859    i.NMI_Handler       stm32f1xx_it.o
    0x08003d18   0x08003d18   0x00000020   Code   RO          636    i.PID_Init          nvram.o
    0x08003d38   0x08003d38   0x00000002   Code   RO          860    i.PendSV_Handler    stm32f1xx_it.o
    0x08003d3a   0x08003d3a   0x00000012   Code   RO         2554    i.RTC_Bcd2ToByte    stm32f1xx_hal_rtc.o
    0x08003d4c   0x08003d4c   0x00000016   Code   RO         2555    i.RTC_ByteToBcd2    stm32f1xx_hal_rtc.o
    0x08003d62   0x08003d62   0x000000ae   Code   RO         2556    i.RTC_DateUpdate    stm32f1xx_hal_rtc.o
    0x08003e10   0x08003e10   0x00000034   Code   RO         2557    i.RTC_EnterInitMode  stm32f1xx_hal_rtc.o
    0x08003e44   0x08003e44   0x00000036   Code   RO         2558    i.RTC_ExitInitMode  stm32f1xx_hal_rtc.o
    0x08003e7a   0x08003e7a   0x00000002   PAD
    0x08003e7c   0x08003e7c   0x00000018   Code   RO          861    i.RTC_IRQHandler    stm32f1xx_it.o
    0x08003e94   0x08003e94   0x0000000e   Code   RO         2559    i.RTC_ReadAlarmCounter  stm32f1xx_hal_rtc.o
    0x08003ea2   0x08003ea2   0x00000020   Code   RO         2560    i.RTC_ReadTimeCounter  stm32f1xx_hal_rtc.o
    0x08003ec2   0x08003ec2   0x00000056   Code   RO         2561    i.RTC_WeekDayNum    stm32f1xx_hal_rtc.o
    0x08003f18   0x08003f18   0x00000028   Code   RO         2562    i.RTC_WriteAlarmCounter  stm32f1xx_hal_rtc.o
    0x08003f40   0x08003f40   0x00000028   Code   RO         2563    i.RTC_WriteTimeCounter  stm32f1xx_hal_rtc.o
    0x08003f68   0x08003f68   0x00000012   Code   RO          690    i.Relay             procedure.o
    0x08003f7a   0x08003f7a   0x00000034   Code   RO         2858    i.SPI_EndRxTxTransaction  stm32f1xx_hal_spi.o
    0x08003fae   0x08003fae   0x00000002   PAD
    0x08003fb0   0x08003fb0   0x000000b8   Code   RO         2863    i.SPI_WaitFlagStateUntilTimeout  stm32f1xx_hal_spi.o
    0x08004068   0x08004068   0x00000002   Code   RO          862    i.SVC_Handler       stm32f1xx_it.o
    0x0800406a   0x0800406a   0x00000004   Code   RO          863    i.SysTick_Handler   stm32f1xx_it.o
    0x0800406e   0x0800406e   0x00000068   Code   RO          763    i.SystemClock_Config  main.o
    0x080040d6   0x080040d6   0x00000002   Code   RO         4123    i.SystemInit        system_stm32f1xx.o
    0x080040d8   0x080040d8   0x0000000c   Code   RO          864    i.TIM1_UP_IRQHandler  stm32f1xx_it.o
    0x080040e4   0x080040e4   0x00000078   Code   RO         3226    i.TIM_Base_SetConfig  stm32f1xx_hal_tim.o
    0x0800415c   0x0800415c   0x00000014   Code   RO         3237    i.TIM_ETR_SetConfig  stm32f1xx_hal_tim.o
    0x08004170   0x08004170   0x00000010   Code   RO         3238    i.TIM_ITRx_SetConfig  stm32f1xx_hal_tim.o
    0x08004180   0x08004180   0x00000022   Code   RO         3244    i.TIM_TI1_ConfigInputStage  stm32f1xx_hal_tim.o
    0x080041a2   0x080041a2   0x00000024   Code   RO         3246    i.TIM_TI2_ConfigInputStage  stm32f1xx_hal_tim.o
    0x080041c6   0x080041c6   0x00000002   PAD
    0x080041c8   0x080041c8   0x00000090   Code   RO          691    i.UpdatePID         procedure.o
    0x08004258   0x08004258   0x00000002   Code   RO          865    i.UsageFault_Handler  stm32f1xx_it.o
    0x0800425a   0x0800425a   0x00000002   PAD
    0x0800425c   0x0800425c   0x00000150   Code   RO          482    i.XPT2046_TouchGetCoordinates  xpt2046_touch.o
    0x080043ac   0x080043ac   0x00000018   Code   RO          483    i.XPT2046_TouchPressed  xpt2046_touch.o
    0x080043c4   0x080043c4   0x00000034   Code   RO          484    i.XPT2046_TouchSelect  xpt2046_touch.o
    0x080043f8   0x080043f8   0x0000002c   Code   RO          485    i.XPT2046_TouchUnselect  xpt2046_touch.o
    0x08004424   0x08004424   0x00000028   Code   RO         4334    i.__ARM_fpclassify  m_ws.l(fpclassify.o)
    0x0800444c   0x0800444c   0x00000020   Code   RO         1613    i.__NVIC_SetPriority  stm32f1xx_hal_cortex.o
    0x0800446c   0x0800446c   0x0000000e   Code   RO         4204    i._is_digit         c_w.l(__printf_wp.o)
    0x0800447a   0x0800447a   0x00000002   PAD
    0x0800447c   0x0800447c   0x0000003c   Code   RO          637    i.calcChecksum      nvram.o
    0x080044b8   0x080044b8   0x0000079c   Code   RO          408    i.checkButtons      tft_proc.o
    0x08004c54   0x08004c54   0x0000004c   Code   RO          409    i.contains          tft_proc.o
    0x08004ca0   0x08004ca0   0x00000036   Code   RO           14    i.dallas_crc8       ds18b20.o
    0x08004cd6   0x08004cd6   0x00000002   PAD
    0x08004cd8   0x08004cd8   0x000009cc   Code   RO          537    i.displ_0           displ.o
    0x080056a4   0x080056a4   0x00000298   Code   RO          538    i.displ_1           displ.o
    0x0800593c   0x0800593c   0x000002b0   Code   RO          539    i.displ_2           displ.o
    0x08005bec   0x08005bec   0x0000026c   Code   RO          540    i.displ_3           displ.o
    0x08005e58   0x08005e58   0x00000140   Code   RO          541    i.displ_4           displ.o
    0x08005f98   0x08005f98   0x00000194   Code   RO          542    i.displ_5           displ.o
    0x0800612c   0x0800612c   0x000001b8   Code   RO          543    i.displ_6           displ.o
    0x080062e4   0x080062e4   0x0000010c   Code   RO          544    i.displ_7           displ.o
    0x080063f0   0x080063f0   0x000000e8   Code   RO          545    i.displ_8           displ.o
    0x080064d8   0x080064d8   0x00000040   Code   RO          546    i.display           displ.o
    0x08006518   0x08006518   0x00000024   Code   RO          410    i.down_relay        tft_proc.o
    0x0800653c   0x0800653c   0x0000010c   Code   RO          411    i.drawButton        tft_proc.o
    0x08006648   0x08006648   0x00000016   Code   RO           15    i.ds18b20_Convert_T  ds18b20.o
    0x0800665e   0x0800665e   0x00000002   PAD
    0x08006660   0x08006660   0x00000038   Code   RO           16    i.ds18b20_ReadBit   ds18b20.o
    0x08006698   0x08006698   0x0000001e   Code   RO           17    i.ds18b20_ReadByte  ds18b20.o
    0x080066b6   0x080066b6   0x00000002   PAD
    0x080066b8   0x080066b8   0x0000005c   Code   RO           18    i.ds18b20_ReadStratcpad  ds18b20.o
    0x08006714   0x08006714   0x0000003c   Code   RO           19    i.ds18b20_Reset     ds18b20.o
    0x08006750   0x08006750   0x000000dc   Code   RO           20    i.ds18b20_SearhRom  ds18b20.o
    0x0800682c   0x0800682c   0x00000034   Code   RO           21    i.ds18b20_WriteBit  ds18b20.o
    0x08006860   0x08006860   0x00000024   Code   RO           22    i.ds18b20_WriteByte  ds18b20.o
    0x08006884   0x08006884   0x00000038   Code   RO           24    i.ds18b20_addCode   ds18b20.o
    0x080068bc   0x080068bc   0x00000580   Code   RO           25    i.ds18b20_checkSensor  ds18b20.o
    0x08006e3c   0x08006e3c   0x00000030   Code   RO           27    i.ds18b20_port_init  ds18b20.o
    0x08006e6c   0x08006e6c   0x00000048   Code   RO          692    i.humidifier        procedure.o
    0x08006eb4   0x08006eb4   0x0000003c   Code   RO          693    i.ignition          procedure.o
    0x08006ef0   0x08006ef0   0x000001c8   Code   RO          638    i.initData          nvram.o
    0x080070b8   0x080070b8   0x000000a8   Code   RO          412    i.initializeButtons  tft_proc.o
    0x08007160   0x08007160   0x0000094c   Code   RO          764    i.main              main.o
    0x08007aac   0x08007aac   0x0000003c   Code   RO          695    i.sendToI2c         procedure.o
    0x08007ae8   0x08007ae8   0x00000110   Code   RO          639    i.setData           nvram.o
    0x08007bf8   0x08007bf8   0x000000bc   Code   RO          696    i.startPrg          procedure.o
    0x08007cb4   0x08007cb4   0x00000118   Code   RO           28    i.temperature_check  ds18b20.o
    0x08007dcc   0x08007dcc   0x00000024   Code   RO          413    i.up_relay          tft_proc.o
    0x08007df0   0x08007df0   0x00000140   Code   RO          640    i.writeData         nvram.o
    0x08007f30   0x08007f30   0x0000002c   Code   RO         4330    locale$$code        c_w.l(lc_numeric_c.o)
    0x08007f5c   0x08007f5c   0x0000000c   Code   RO         4271    x$fpl$dretinf       fz_ws.l(dretinf.o)
    0x08007f68   0x08007f68   0x00000056   Code   RO         4233    x$fpl$f2d           fz_ws.l(f2d.o)
    0x08007fbe   0x08007fbe   0x00000002   PAD
    0x08007fc0   0x08007fc0   0x000000c4   Code   RO         4235    x$fpl$fadd          fz_ws.l(faddsub_clz.o)
    0x08008084   0x08008084   0x00000184   Code   RO         4242    x$fpl$fdiv          fz_ws.l(fdiv.o)
    0x08008208   0x08008208   0x00000036   Code   RO         4245    x$fpl$ffix          fz_ws.l(ffix.o)
    0x0800823e   0x0800823e   0x00000002   PAD
    0x08008240   0x08008240   0x00000030   Code   RO         4250    x$fpl$fflt          fz_ws.l(fflt_clz.o)
    0x08008270   0x08008270   0x00000026   Code   RO         4249    x$fpl$ffltu         fz_ws.l(fflt_clz.o)
    0x08008296   0x08008296   0x00000002   PAD
    0x08008298   0x08008298   0x00000102   Code   RO         4255    x$fpl$fmul          fz_ws.l(fmul.o)
    0x0800839a   0x0800839a   0x0000008c   Code   RO         4273    x$fpl$fnaninf       fz_ws.l(fnaninf.o)
    0x08008426   0x08008426   0x0000000a   Code   RO         4275    x$fpl$fretinf       fz_ws.l(fretinf.o)
    0x08008430   0x08008430   0x000000ea   Code   RO         4237    x$fpl$fsub          fz_ws.l(faddsub_clz.o)
    0x0800851a   0x0800851a   0x00000004   Code   RO         4257    x$fpl$printf1       fz_ws.l(printf1.o)
    0x0800851e   0x0800851e   0x00000000   Code   RO         4277    x$fpl$usenofp       fz_ws.l(usenofp.o)
    0x0800851e   0x0800851e   0x0000165c   Data   RO          262    .constdata          fonts.o
    0x08009b7a   0x08009b7a   0x0000134c   Data   RO          263    .constdata          fonts.o
    0x0800aec6   0x0800aec6   0x00000004   Data   RO          486    .constdata          xpt2046_touch.o
    0x0800aeca   0x0800aeca   0x00000002   PAD
    0x0800aecc   0x0800aecc   0x0000000c   Data   RO          549    .constdata          displ.o
    0x0800aed8   0x0800aed8   0x00000012   Data   RO         1311    .constdata          stm32f1xx_hal_rcc.o
    0x0800aeea   0x0800aeea   0x00000012   Data   RO         1403    .constdata          stm32f1xx_hal_rcc_ex.o
    0x0800aefc   0x0800aefc   0x00000010   Data   RO         4124    .constdata          system_stm32f1xx.o
    0x0800af0c   0x0800af0c   0x00000008   Data   RO         4125    .constdata          system_stm32f1xx.o
    0x0800af14   0x0800af14   0x00000028   Data   RO         4177    .constdata          c_w.l(_printf_hex_int.o)
    0x0800af3c   0x0800af3c   0x00000011   Data   RO         4207    .constdata          c_w.l(__printf_flags_wp.o)
    0x0800af4d   0x0800af4d   0x00000003   PAD
    0x0800af50   0x0800af50   0x00000094   Data   RO         4305    .constdata          c_w.l(bigflt0.o)
    0x0800afe4   0x0800afe4   0x00000003   Data   RO          550    .conststring        displ.o
    0x0800afe7   0x0800afe7   0x00000001   PAD
    0x0800afe8   0x0800afe8   0x00000024   Data   RO          768    .conststring        main.o
    0x0800b00c   0x0800b00c   0x00000053   Data   RO          769    .conststring        main.o
    0x0800b05f   0x0800b05f   0x00000001   PAD
    0x0800b060   0x0800b060   0x00000043   Data   RO          770    .conststring        main.o
    0x0800b0a3   0x0800b0a3   0x00000001   PAD
    0x0800b0a4   0x0800b0a4   0x00000033   Data   RO          771    .conststring        main.o
    0x0800b0d7   0x0800b0d7   0x00000001   PAD
    0x0800b0d8   0x0800b0d8   0x00000020   Data   RO         4475    Region$$Table       anon$$obj.o
    0x0800b0f8   0x0800b0f8   0x0000001c   Data   RO         4329    locale$$data        c_w.l(lc_numeric_c.o)


    Execution Region RW_IRAM1 (Exec base: 0x20000000, Load base: 0x0800b114, Size: 0x00000da0, Max: 0x00005000, ABSOLUTE)

    Exec Addr    Load Addr    Size         Type   Attr      Idx    E Section Name        Object

    0x20000000   0x0800b114   0x0000000b   Data   RW           29    .data               ds18b20.o
    0x2000000b   0x0800b11f   0x00000001   PAD
    0x2000000c   0x0800b120   0x00000008   Data   RW          265    .data               fonts.o
    0x20000014   0x0800b128   0x00000008   Data   RW          266    .data               fonts.o
    0x2000001c   0x0800b130   0x00000004   Data   RW          415    .data               tft_proc.o
    0x20000020   0x0800b134   0x00000002   Data   RW          697    .data               procedure.o
    0x20000022   0x0800b136   0x00000002   PAD
    0x20000024   0x0800b138   0x00000010   Data   RW          772    .data               main.o
    0x20000034   0x0800b148   0x00000020   Data   RW          773    .data               main.o
    0x20000054   0x0800b168   0x0000001c   Data   RW          774    .data               main.o
    0x20000070   0x0800b184   0x0000001c   Data   RW          775    .data               main.o
    0x2000008c   0x0800b1a0   0x00000044   Data   RW          776    .data               main.o
    0x200000d0   0x0800b1e4   0x00000001   Data   RW          777    .data               main.o
    0x200000d1   0x0800b1e5   0x00000004   Data   RW          780    .data               main.o
    0x200000d5   0x0800b1e9   0x00000001   PAD
    0x200000d6   0x0800b1ea   0x00000002   Data   RW          783    .data               main.o
    0x200000d8   0x0800b1ec   0x00000002   Data   RW          784    .data               main.o
    0x200000da   0x0800b1ee   0x00000001   Data   RW          785    .data               main.o
    0x200000db   0x0800b1ef   0x00000001   PAD
    0x200000dc   0x0800b1f0   0x0000000c   Data   RW         1148    .data               stm32f1xx_hal.o
    0x200000e8   0x0800b1fc   0x00000004   Data   RW         4126    .data               system_stm32f1xx.o
    0x200000ec        -       0x0000000e   Zero   RW          343    .bss                mylcd.o
    0x200000fa   0x0800b200   0x00000002   PAD
    0x200000fc        -       0x00000040   Zero   RW          414    .bss                tft_proc.o
    0x2000013c        -       0x00000410   Zero   RW          641    .bss                nvram.o
    0x2000054c        -       0x00000190   Zero   RW          765    .bss                main.o
    0x200006dc        -       0x00000020   Zero   RW          766    .bss                main.o
    0x200006fc        -       0x00000020   Zero   RW          767    .bss                main.o
    0x2000071c   0x0800b200   0x00000004   PAD
    0x20000720        -       0x00000020   Zero   RW         1854    .bss                stm32f1xx_hal_flash.o
    0x20000740        -       0x00000060   Zero   RW         4337    .bss                c_w.l(libspace.o)
    0x200007a0        -       0x00000200   Zero   RW            2    HEAP                startup_stm32f103xb.o
    0x200009a0        -       0x00000400   Zero   RW            1    STACK               startup_stm32f103xb.o


==============================================================================

Image component sizes


      Code (inc. data)   RO Data    RW Data    ZI Data      Debug   Object Name

      6208       1770         15          0          0       8044   displ.o
      2454        454          0         11          0     460682   ds18b20.o
         0          0      10664         16          0       1010   fonts.o
      3024        290        237        182        464       9853   main.o
       528         28          0          0          0       4150   mygui.o
       916        156          0          0         14       6646   mylcd.o
      1140         78          0          0       1040       5372   nvram.o
       542         92          0          2          0       4309   procedure.o
        64         26        236          0       1536        792   startup_stm32f103xb.o
       164         28          0         12          0       5733   stm32f1xx_hal.o
       198         14          0          0          0      28815   stm32f1xx_hal_cortex.o
        80          0          0          0          0       1715   stm32f1xx_hal_crc.o
       392         46          0          0         32       4566   stm32f1xx_hal_flash.o
       240         26          0          0          0       3165   stm32f1xx_hal_flash_ex.o
       780         60          0          0          0       4385   stm32f1xx_hal_gpio.o
      1398         32          0          0          0       8929   stm32f1xx_hal_i2c.o
       504         84          0          0          0       4309   stm32f1xx_hal_msp.o
        12          4          0          0          0        495   stm32f1xx_hal_pwr.o
      1240         84         18          0          0       4992   stm32f1xx_hal_rcc.o
       400         28         18          0          0       2405   stm32f1xx_hal_rcc_ex.o
      1204          8          0          0          0      11410   stm32f1xx_hal_rtc.o
       110          0          0          0          0       2658   stm32f1xx_hal_rtc_ex.o
      1314          4          0          0          0       6585   stm32f1xx_hal_spi.o
       936         24          0          0          0       9581   stm32f1xx_hal_tim.o
       108         12          0          0          0       2321   stm32f1xx_hal_tim_ex.o
        56         14          0          0          0       4428   stm32f1xx_it.o
         2          0         24          4          0       1035   system_stm32f1xx.o
      2532        196          0          4         64       7039   tft_proc.o
       456         34          4          0          0       3361   xpt2046_touch.o

    ----------------------------------------------------------------------
     27034       3592      11254        236       3156     618785   Object Totals
         0          0         32          0          0          0   (incl. Generated)
        32          0          6          5          6          0   (incl. Padding)

    ----------------------------------------------------------------------

      Code (inc. data)   RO Data    RW Data    ZI Data      Debug   Library Member Name

         8          0          0          0          0         68   __main.o
       312          4         17          0          0         92   __printf_flags_wp.o
        14          0          0          0          0         68   __printf_wp.o
         0          0          0          0          0          0   __rtentry.o
        12          0          0          0          0          0   __rtentry2.o
         6          0          0          0          0          0   __rtentry4.o
        52          8          0          0          0          0   __scatter.o
        26          0          0          0          0          0   __scatter_copy.o
        28          0          0          0          0          0   __scatter_zi.o
        44          0          0          0          0        108   _printf_char.o
        48          6          0          0          0         96   _printf_char_common.o
         6          0          0          0          0          0   _printf_d.o
       120         16          0          0          0         92   _printf_dec.o
         6          0          0          0          0          0   _printf_f.o
      1054          0          0          0          0        216   _printf_fp_dec.o
       128         16          0          0          0         84   _printf_fp_infnan.o
        88          4         40          0          0         88   _printf_hex_int.o
         6          0          0          0          0          0   _printf_i.o
       178          0          0          0          0         88   _printf_intcommon.o
        78          0          0          0          0        108   _printf_pad.o
         0          0          0          0          0          0   _printf_percent.o
         4          0          0          0          0          0   _printf_percent_end.o
         6          0          0          0          0          0   _printf_s.o
        82          0          0          0          0         80   _printf_str.o
         6          0          0          0          0          0   _printf_u.o
         6          0          0          0          0          0   _printf_x.o
        10          0          0          0          0         68   _sputc.o
       228          4        148          0          0         96   bigflt0.o
      1936        128          0          0          0        672   btod.o
        18          0          0          0          0         80   exit.o
         6          0          0          0          0        152   heapauxi.o
         0          0          0          0          0          0   indicate_semi.o
        44         10         28          0          0         76   lc_numeric_c.o
         2          0          0          0          0          0   libinit.o
        18          0          0          0          0          0   libinit2.o
         2          0          0          0          0          0   libshutdown.o
         2          0          0          0          0          0   libshutdown2.o
         8          4          0          0         96         68   libspace.o
       138          0          0          0          0         80   lludiv10.o
        38          0          0          0          0         68   llushr.o
        40          6          0          0          0         84   noretval__2sprintf.o
         8          4          0          0          0         68   rt_locale_intlibspace.o
        78          0          0          0          0         80   rt_memclr_w.o
         2          0          0          0          0          0   rtexit.o
        10          0          0          0          0          0   rtexit2.o
        24          0          0          0          0         68   strcat.o
       128          0          0          0          0         68   strcmpv7m.o
        72          0          0          0          0         80   strcpy.o
        62          0          0          0          0         76   strlen.o
        12          4          0          0          0         68   sys_exit.o
        74          0          0          0          0         80   sys_stackheap_outer.o
         2          0          0          0          0         68   use_no_semi.o
        12          0          0          0          0         68   dretinf.o
        86          4          0          0          0         84   f2d.o
       430          8          0          0          0        168   faddsub_clz.o
       388         76          0          0          0         96   fdiv.o
        54          4          0          0          0         84   ffix.o
        86          0          0          0          0        136   fflt_clz.o
       258          4          0          0          0         84   fmul.o
       140          4          0          0          0         84   fnaninf.o
        10          0          0          0          0         68   fretinf.o
         4          0          0          0          0         68   printf1.o
         0          0          0          0          0          0   usenofp.o
        40          0          0          0          0         68   fpclassify.o

    ----------------------------------------------------------------------
      6808        314        236          0         96       4296   Library Totals
        20          0          3          0          0          0   (incl. Padding)

    ----------------------------------------------------------------------

      Code (inc. data)   RO Data    RW Data    ZI Data      Debug   Library Name

      5280        214        233          0         96       3288   c_w.l
      1468        100          0          0          0        940   fz_ws.l
        40          0          0          0          0         68   m_ws.l

    ----------------------------------------------------------------------
      6808        314        236          0         96       4296   Library Totals

    ----------------------------------------------------------------------

==============================================================================


      Code (inc. data)   RO Data    RW Data    ZI Data      Debug   

     33842       3906      11490        236       3252     612261   Grand Totals
     33842       3906      11490        236       3252     612261   ELF Image Totals
     33842       3906      11490        236          0          0   ROM Totals

==============================================================================

    Total RO  Size (Code + RO Data)                45332 (  44.27kB)
    Total RW  Size (RW Data + ZI Data)              3488 (   3.41kB)
    Total ROM Size (Code + RO Data + RW Data)      45568 (  44.50kB)

==============================================================================

